Archive member included to satisfy reference by file (symbol)

c:/st/stm32cubeide_1.5.0/stm32cubeide/plugins/com.st.stm32cube.ide.mcu.externaltools.gnu-arm-embedded.9-2020-q2-update.win32_1.5.0.202011040924/tools/bin/../lib/gcc/arm-none-eabi/9.3.1/../../../../arm-none-eabi/lib/thumb/v7-m/nofp\libc_nano.a(lib_a-errno.o)
                              Src/syscalls.o (__errno)
c:/st/stm32cubeide_1.5.0/stm32cubeide/plugins/com.st.stm32cube.ide.mcu.externaltools.gnu-arm-embedded.9-2020-q2-update.win32_1.5.0.202011040924/tools/bin/../lib/gcc/arm-none-eabi/9.3.1/../../../../arm-none-eabi/lib/thumb/v7-m/nofp\libc_nano.a(lib_a-exit.o)
                              c:/st/stm32cubeide_1.5.0/stm32cubeide/plugins/com.st.stm32cube.ide.mcu.externaltools.gnu-arm-embedded.9-2020-q2-update.win32_1.5.0.202011040924/tools/bin/../lib/gcc/arm-none-eabi/9.3.1/../../../../arm-none-eabi/lib/thumb/v7-m/nofp/crt0.o (exit)
c:/st/stm32cubeide_1.5.0/stm32cubeide/plugins/com.st.stm32cube.ide.mcu.externaltools.gnu-arm-embedded.9-2020-q2-update.win32_1.5.0.202011040924/tools/bin/../lib/gcc/arm-none-eabi/9.3.1/../../../../arm-none-eabi/lib/thumb/v7-m/nofp\libc_nano.a(lib_a-impure.o)
                              c:/st/stm32cubeide_1.5.0/stm32cubeide/plugins/com.st.stm32cube.ide.mcu.externaltools.gnu-arm-embedded.9-2020-q2-update.win32_1.5.0.202011040924/tools/bin/../lib/gcc/arm-none-eabi/9.3.1/../../../../arm-none-eabi/lib/thumb/v7-m/nofp\libc_nano.a(lib_a-exit.o) (_global_impure_ptr)
c:/st/stm32cubeide_1.5.0/stm32cubeide/plugins/com.st.stm32cube.ide.mcu.externaltools.gnu-arm-embedded.9-2020-q2-update.win32_1.5.0.202011040924/tools/bin/../lib/gcc/arm-none-eabi/9.3.1/../../../../arm-none-eabi/lib/thumb/v7-m/nofp\libc_nano.a(lib_a-init.o)
                              c:/st/stm32cubeide_1.5.0/stm32cubeide/plugins/com.st.stm32cube.ide.mcu.externaltools.gnu-arm-embedded.9-2020-q2-update.win32_1.5.0.202011040924/tools/bin/../lib/gcc/arm-none-eabi/9.3.1/../../../../arm-none-eabi/lib/thumb/v7-m/nofp/crt0.o (__libc_init_array)
c:/st/stm32cubeide_1.5.0/stm32cubeide/plugins/com.st.stm32cube.ide.mcu.externaltools.gnu-arm-embedded.9-2020-q2-update.win32_1.5.0.202011040924/tools/bin/../lib/gcc/arm-none-eabi/9.3.1/../../../../arm-none-eabi/lib/thumb/v7-m/nofp\libc_nano.a(lib_a-memset.o)
                              c:/st/stm32cubeide_1.5.0/stm32cubeide/plugins/com.st.stm32cube.ide.mcu.externaltools.gnu-arm-embedded.9-2020-q2-update.win32_1.5.0.202011040924/tools/bin/../lib/gcc/arm-none-eabi/9.3.1/../../../../arm-none-eabi/lib/thumb/v7-m/nofp/crt0.o (memset)
c:/st/stm32cubeide_1.5.0/stm32cubeide/plugins/com.st.stm32cube.ide.mcu.externaltools.gnu-arm-embedded.9-2020-q2-update.win32_1.5.0.202011040924/tools/bin/../lib/gcc/arm-none-eabi/9.3.1/../../../../arm-none-eabi/lib/thumb/v7-m/nofp\libc_nano.a(lib_a-strlen.o)
                              Src/SD.o (strlen)

Allocating common symbols
Common symbol       size              file

fre_clust           0x4               Src/main.o
USERPath            0x4               Src/fatfs.o
fileInfo            0x20              Src/main.o
fs                  0x1030            Src/SD.o
byteswritten        0x4               Src/SD.o
hi2c1               0x54              Src/main.o
fileResult          0x1               Src/main.o
Joystick_xy         0x4               Src/main.o
uwTick              0x4               Drivers/STM32F1xx_HAL_Driver/Src/stm32f1xx_hal.o
br                  0x4               Src/main.o
pFlash              0x20              Drivers/STM32F1xx_HAL_Driver/Src/stm32f1xx_hal_flash.o
bytesread           0x4               Src/SD.o
file                0x102c            Src/SD.o
hadc1               0x30              Src/main.o
free_space          0x4               Src/main.o
huart1              0x40              Src/main.o
hdma_adc1           0x44              Src/main.o
retUSER             0x1               Src/fatfs.o
bw                  0x4               Src/main.o
Timer2              0x1               Src/stm32f1xx_it.o
pfs                 0x4               Src/main.o
hspi1               0x58              Src/main.o
total               0x4               Src/main.o
res                 0x1               Src/SD.o
Timer1              0x1               Src/stm32f1xx_it.o
USERFile            0x102c            Src/fatfs.o
USERFatFS           0x1030            Src/fatfs.o

Discarded input sections

 .text          0x00000000        0x0 c:/st/stm32cubeide_1.5.0/stm32cubeide/plugins/com.st.stm32cube.ide.mcu.externaltools.gnu-arm-embedded.9-2020-q2-update.win32_1.5.0.202011040924/tools/bin/../lib/gcc/arm-none-eabi/9.3.1/thumb/v7-m/nofp/crti.o
 .data          0x00000000        0x0 c:/st/stm32cubeide_1.5.0/stm32cubeide/plugins/com.st.stm32cube.ide.mcu.externaltools.gnu-arm-embedded.9-2020-q2-update.win32_1.5.0.202011040924/tools/bin/../lib/gcc/arm-none-eabi/9.3.1/thumb/v7-m/nofp/crti.o
[...]
Memory Configuration

Name             Origin             Length             Attributes
RAM              0x20000000         0x00005000         xrw
FLASH            0x08000000         0x00010000         xr
*default*        0x00000000         0xffffffff

Linker script and memory map

LOAD c:/st/stm32cubeide_1.5.0/stm32cubeide/plugins/com.st.stm32cube.ide.mcu.externaltools.gnu-arm-embedded.9-2020-q2-update.win32_1.5.0.202011040924/tools/bin/../lib/gcc/arm-none-eabi/9.3.1/thumb/v7-m/nofp/crti.o
LOAD c:/st/stm32cubeide_1.5.0/stm32cubeide/plugins/com.st.stm32cube.ide.mcu.externaltools.gnu-arm-embedded.9-2020-q2-update.win32_1.5.0.202011040924/tools/bin/../lib/gcc/arm-none-eabi/9.3.1/thumb/v7-m/nofp/crtbegin.o
LOAD c:/st/stm32cubeide_1.5.0/stm32cubeide/plugins/com.st.stm32cube.ide.mcu.externaltools.gnu-arm-embedded.9-2020-q2-update.win32_1.5.0.202011040924/tools/bin/../lib/gcc/arm-none-eabi/9.3.1/../../../../arm-none-eabi/lib/thumb/v7-m/nofp/crt0.o
LOAD Drivers/STM32F1xx_HAL_Driver/Src/stm32f1xx_hal.o
LOAD Drivers/STM32F1xx_HAL_Driver/Src/stm32f1xx_hal_adc.o
LOAD Drivers/STM32F1xx_HAL_Driver/Src/stm32f1xx_hal_adc_ex.o
LOAD Drivers/STM32F1xx_HAL_Driver/Src/stm32f1xx_hal_cortex.o
LOAD Drivers/STM32F1xx_HAL_Driver/Src/stm32f1xx_hal_dma.o
LOAD Drivers/STM32F1xx_HAL_Driver/Src/stm32f1xx_hal_flash.o
LOAD Drivers/STM32F1xx_HAL_Driver/Src/stm32f1xx_hal_flash_ex.o
LOAD Drivers/STM32F1xx_HAL_Driver/Src/stm32f1xx_hal_gpio.o
LOAD Drivers/STM32F1xx_HAL_Driver/Src/stm32f1xx_hal_gpio_ex.o
LOAD Drivers/STM32F1xx_HAL_Driver/Src/stm32f1xx_hal_i2c.o
LOAD Drivers/STM32F1xx_HAL_Driver/Src/stm32f1xx_hal_pwr.o
LOAD Drivers/STM32F1xx_HAL_Driver/Src/stm32f1xx_hal_rcc.o
LOAD Drivers/STM32F1xx_HAL_Driver/Src/stm32f1xx_hal_rcc_ex.o
LOAD Drivers/STM32F1xx_HAL_Driver/Src/stm32f1xx_hal_spi.o
LOAD Drivers/STM32F1xx_HAL_Driver/Src/stm32f1xx_hal_spi_ex.o
LOAD Drivers/STM32F1xx_HAL_Driver/Src/stm32f1xx_hal_tim.o
LOAD Drivers/STM32F1xx_HAL_Driver/Src/stm32f1xx_hal_tim_ex.o
LOAD Drivers/STM32F1xx_HAL_Driver/Src/stm32f1xx_hal_uart.o
LOAD Middlewares/Third_Party/FatFs/src/diskio.o
LOAD Middlewares/Third_Party/FatFs/src/ff.o
LOAD Middlewares/Third_Party/FatFs/src/ff_gen_drv.o
LOAD Middlewares/Third_Party/FatFs/src/option/ccsbcs.o
LOAD Middlewares/Third_Party/FatFs/src/option/syscall.o
LOAD Src/Joystick.o
LOAD Src/Joystick_CFG.o
LOAD Src/OLED.o
LOAD Src/SD.o
LOAD Src/fatfs.o
LOAD Src/fatfs_sd.o
LOAD Src/main.o
LOAD Src/ssd1306.o
LOAD Src/stm32f1xx_hal_msp.o
LOAD Src/stm32f1xx_it.o
LOAD Src/syscalls.o
LOAD Src/sysmem.o
LOAD Src/system_stm32f1xx.o
LOAD Src/user_diskio.o
LOAD Startup/startup_stm32f103c8tx.o
START GROUP
LOAD c:/st/stm32cubeide_1.5.0/stm32cubeide/plugins/com.st.stm32cube.ide.mcu.externaltools.gnu-arm-embedded.9-2020-q2-update.win32_1.5.0.202011040924/tools/bin/../lib/gcc/arm-none-eabi/9.3.1/../../../../arm-none-eabi/lib/thumb/v7-m/nofp\libc_nano.a
LOAD c:/st/stm32cubeide_1.5.0/stm32cubeide/plugins/com.st.stm32cube.ide.mcu.externaltools.gnu-arm-embedded.9-2020-q2-update.win32_1.5.0.202011040924/tools/bin/../lib/gcc/arm-none-eabi/9.3.1/../../../../arm-none-eabi/lib/thumb/v7-m/nofp\libm.a
END GROUP
START GROUP
LOAD c:/st/stm32cubeide_1.5.0/stm32cubeide/plugins/com.st.stm32cube.ide.mcu.externaltools.gnu-arm-embedded.9-2020-q2-update.win32_1.5.0.202011040924/tools/bin/../lib/gcc/arm-none-eabi/9.3.1/thumb/v7-m/nofp\libgcc.a
LOAD c:/st/stm32cubeide_1.5.0/stm32cubeide/plugins/com.st.stm32cube.ide.mcu.externaltools.gnu-arm-embedded.9-2020-q2-update.win32_1.5.0.202011040924/tools/bin/../lib/gcc/arm-none-eabi/9.3.1/../../../../arm-none-eabi/lib/thumb/v7-m/nofp\libc_nano.a
END GROUP
START GROUP
LOAD c:/st/stm32cubeide_1.5.0/stm32cubeide/plugins/com.st.stm32cube.ide.mcu.externaltools.gnu-arm-embedded.9-2020-q2-update.win32_1.5.0.202011040924/tools/bin/../lib/gcc/arm-none-eabi/9.3.1/thumb/v7-m/nofp\libgcc.a
LOAD c:/st/stm32cubeide_1.5.0/stm32cubeide/plugins/com.st.stm32cube.ide.mcu.externaltools.gnu-arm-embedded.9-2020-q2-update.win32_1.5.0.202011040924/tools/bin/../lib/gcc/arm-none-eabi/9.3.1/../../../../arm-none-eabi/lib/thumb/v7-m/nofp\libc_nano.a
LOAD c:/st/stm32cubeide_1.5.0/stm32cubeide/plugins/com.st.stm32cube.ide.mcu.externaltools.gnu-arm-embedded.9-2020-q2-update.win32_1.5.0.202011040924/tools/bin/../lib/gcc/arm-none-eabi/9.3.1/../../../../arm-none-eabi/lib/thumb/v7-m/nofp\libnosys.a
END GROUP
START GROUP
LOAD c:/st/stm32cubeide_1.5.0/stm32cubeide/plugins/com.st.stm32cube.ide.mcu.externaltools.gnu-arm-embedded.9-2020-q2-update.win32_1.5.0.202011040924/tools/bin/../lib/gcc/arm-none-eabi/9.3.1/thumb/v7-m/nofp\libgcc.a
LOAD c:/st/stm32cubeide_1.5.0/stm32cubeide/plugins/com.st.stm32cube.ide.mcu.externaltools.gnu-arm-embedded.9-2020-q2-update.win32_1.5.0.202011040924/tools/bin/../lib/gcc/arm-none-eabi/9.3.1/../../../../arm-none-eabi/lib/thumb/v7-m/nofp\libc_nano.a
LOAD c:/st/stm32cubeide_1.5.0/stm32cubeide/plugins/com.st.stm32cube.ide.mcu.externaltools.gnu-arm-embedded.9-2020-q2-update.win32_1.5.0.202011040924/tools/bin/../lib/gcc/arm-none-eabi/9.3.1/../../../../arm-none-eabi/lib/thumb/v7-m/nofp\libnosys.a
END GROUP
LOAD c:/st/stm32cubeide_1.5.0/stm32cubeide/plugins/com.st.stm32cube.ide.mcu.externaltools.gnu-arm-embedded.9-2020-q2-update.win32_1.5.0.202011040924/tools/bin/../lib/gcc/arm-none-eabi/9.3.1/thumb/v7-m/nofp/crtend.o
LOAD c:/st/stm32cubeide_1.5.0/stm32cubeide/plugins/com.st.stm32cube.ide.mcu.externaltools.gnu-arm-embedded.9-2020-q2-update.win32_1.5.0.202011040924/tools/bin/../lib/gcc/arm-none-eabi/9.3.1/thumb/v7-m/nofp/crtn.o
                0x20005000                _estack = (ORIGIN (RAM) + LENGTH (RAM))
                0x00000200                _Min_Heap_Size = 0x200
                0x00000400                _Min_Stack_Size = 0x400

.isr_vector     0x08000000      0x10c
                0x08000000                . = ALIGN (0x4)
 *(.isr_vector)
 .isr_vector    0x08000000      0x10c Startup/startup_stm32f103c8tx.o
                0x08000000                g_pfnVectors
                0x0800010c                . = ALIGN (0x4)

.text           0x0800010c     0x4794
                0x0800010c                . = ALIGN (0x4)
 *(.text)
 .text          0x0800010c       0x40 c:/st/stm32cubeide_1.5.0/stm32cubeide/plugins/com.st.stm32cube.ide.mcu.externaltools.gnu-arm-embedded.9-2020-q2-update.win32_1.5.0.202011040924/tools/bin/../lib/gcc/arm-none-eabi/9.3.1/thumb/v7-m/nofp/crtbegin.o
 *(.text*)
 .text.HAL_Init
                0x0800014c       0x2c Drivers/STM32F1xx_HAL_Driver/Src/stm32f1xx_hal.o
                0x0800014c                HAL_Init
 .text.HAL_InitTick
                0x08000178       0x60 Drivers/STM32F1xx_HAL_Driver/Src/stm32f1xx_hal.o
                0x08000178                HAL_InitTick
 .text.HAL_IncTick
                0x080001d8       0x24 Drivers/STM32F1xx_HAL_Driver/Src/stm32f1xx_hal.o
                0x080001d8                HAL_IncTick
 .text.HAL_GetTick
                0x080001fc       0x14 Drivers/STM32F1xx_HAL_Driver/Src/stm32f1xx_hal.o
                0x080001fc                HAL_GetTick
 .text.HAL_ADC_Init
                0x08000210      0x1b0 Drivers/STM32F1xx_HAL_Driver/Src/stm32f1xx_hal_adc.o
                0x08000210                HAL_ADC_Init
 .text.HAL_ADC_ConfigChannel
                0x080003c0      0x1f0 Drivers/STM32F1xx_HAL_Driver/Src/stm32f1xx_hal_adc.o
                0x080003c0                HAL_ADC_ConfigChannel
 .text.ADC_Enable
                0x080005b0       0xa4 Drivers/STM32F1xx_HAL_Driver/Src/stm32f1xx_hal_adc.o
                0x080005b0                ADC_Enable
 .text.ADC_ConversionStop_Disable
                0x08000654       0x74 Drivers/STM32F1xx_HAL_Driver/Src/stm32f1xx_hal_adc.o
                0x08000654                ADC_ConversionStop_Disable
 .text.HAL_ADCEx_Calibration_Start
                0x080006c8      0x138 Drivers/STM32F1xx_HAL_Driver/Src/stm32f1xx_hal_adc_ex.o
                0x080006c8                HAL_ADCEx_Calibration_Start
 .text.NVIC_SetPriorityGrouping
                0x08000800       0x48 Drivers/STM32F1xx_HAL_Driver/Src/stm32f1xx_hal_cortex.o
 .text.NVIC_GetPriorityGrouping
                0x08000848       0x1c Drivers/STM32F1xx_HAL_Driver/Src/stm32f1xx_hal_cortex.o
 .text.NVIC_EnableIRQ
                0x08000864       0x30 Drivers/STM32F1xx_HAL_Driver/Src/stm32f1xx_hal_cortex.o
 .text.NVIC_SetPriority
                0x08000894       0x54 Drivers/STM32F1xx_HAL_Driver/Src/stm32f1xx_hal_cortex.o
 .text.NVIC_EncodePriority
                0x080008e8       0x64 Drivers/STM32F1xx_HAL_Driver/Src/stm32f1xx_hal_cortex.o
 .text.SysTick_Config
                0x0800094c       0x44 Drivers/STM32F1xx_HAL_Driver/Src/stm32f1xx_hal_cortex.o
 .text.HAL_NVIC_SetPriorityGrouping
                0x08000990       0x16 Drivers/STM32F1xx_HAL_Driver/Src/stm32f1xx_hal_cortex.o
                0x08000990                HAL_NVIC_SetPriorityGrouping
 .text.HAL_NVIC_SetPriority
                0x080009a6       0x38 Drivers/STM32F1xx_HAL_Driver/Src/stm32f1xx_hal_cortex.o
                0x080009a6                HAL_NVIC_SetPriority
 .text.HAL_NVIC_EnableIRQ
                0x080009de       0x1c Drivers/STM32F1xx_HAL_Driver/Src/stm32f1xx_hal_cortex.o
                0x080009de                HAL_NVIC_EnableIRQ
 .text.HAL_SYSTICK_Config
                0x080009fa       0x18 Drivers/STM32F1xx_HAL_Driver/Src/stm32f1xx_hal_cortex.o
                0x080009fa                HAL_SYSTICK_Config
 *fill*         0x08000a12        0x2 
 .text.HAL_DMA_Init
                0x08000a14       0xb4 Drivers/STM32F1xx_HAL_Driver/Src/stm32f1xx_hal_dma.o
                0x08000a14                HAL_DMA_Init
 .text.HAL_DMA_IRQHandler
                0x08000ac8      0x20c Drivers/STM32F1xx_HAL_Driver/Src/stm32f1xx_hal_dma.o
                0x08000ac8                HAL_DMA_IRQHandler
 .text.HAL_GPIO_Init
                0x08000cd4      0x310 Drivers/STM32F1xx_HAL_Driver/Src/stm32f1xx_hal_gpio.o
                0x08000cd4                HAL_GPIO_Init
 .text.HAL_GPIO_WritePin
                0x08000fe4       0x30 Drivers/STM32F1xx_HAL_Driver/Src/stm32f1xx_hal_gpio.o
                0x08000fe4                HAL_GPIO_WritePin
 .text.HAL_I2C_Init
                0x08001014      0x220 Drivers/STM32F1xx_HAL_Driver/Src/stm32f1xx_hal_i2c.o
                0x08001014                HAL_I2C_Init
 .text.HAL_RCC_OscConfig
                0x08001234      0x4c8 Drivers/STM32F1xx_HAL_Driver/Src/stm32f1xx_hal_rcc.o
                0x08001234                HAL_RCC_OscConfig
 .text.HAL_RCC_ClockConfig
                0x080016fc      0x218 Drivers/STM32F1xx_HAL_Driver/Src/stm32f1xx_hal_rcc.o
                0x080016fc                HAL_RCC_ClockConfig
 .text.HAL_RCC_GetSysClockFreq
                0x08001914       0xc0 Drivers/STM32F1xx_HAL_Driver/Src/stm32f1xx_hal_rcc.o
                0x08001914                HAL_RCC_GetSysClockFreq
 .text.HAL_RCC_GetHCLKFreq
                0x080019d4       0x14 Drivers/STM32F1xx_HAL_Driver/Src/stm32f1xx_hal_rcc.o
                0x080019d4                HAL_RCC_GetHCLKFreq
 .text.HAL_RCC_GetPCLK1Freq
                0x080019e8       0x28 Drivers/STM32F1xx_HAL_Driver/Src/stm32f1xx_hal_rcc.o
                0x080019e8                HAL_RCC_GetPCLK1Freq
 .text.HAL_RCC_GetPCLK2Freq
                0x08001a10       0x28 Drivers/STM32F1xx_HAL_Driver/Src/stm32f1xx_hal_rcc.o
                0x08001a10                HAL_RCC_GetPCLK2Freq
 .text.RCC_Delay
                0x08001a38       0x40 Drivers/STM32F1xx_HAL_Driver/Src/stm32f1xx_hal_rcc.o
 .text.HAL_RCCEx_PeriphCLKConfig
                0x08001a78      0x16c Drivers/STM32F1xx_HAL_Driver/Src/stm32f1xx_hal_rcc_ex.o
                0x08001a78                HAL_RCCEx_PeriphCLKConfig
 .text.HAL_RCCEx_GetPeriphCLKFreq
                0x08001be4      0x188 Drivers/STM32F1xx_HAL_Driver/Src/stm32f1xx_hal_rcc_ex.o
                0x08001be4                HAL_RCCEx_GetPeriphCLKFreq
 .text.HAL_SPI_Transmit
                0x08001d6c      0x27a Drivers/STM32F1xx_HAL_Driver/Src/stm32f1xx_hal_spi.o
                0x08001d6c                HAL_SPI_Transmit
 .text.HAL_SPI_TransmitReceive
                0x08001fe6      0x340 Drivers/STM32F1xx_HAL_Driver/Src/stm32f1xx_hal_spi.o
                0x08001fe6                HAL_SPI_TransmitReceive
 .text.HAL_SPI_GetState
                0x08002326       0x1a Drivers/STM32F1xx_HAL_Driver/Src/stm32f1xx_hal_spi.o
                0x08002326                HAL_SPI_GetState
 .text.SPI_WaitFlagStateUntilTimeout
                0x08002340       0xd2 Drivers/STM32F1xx_HAL_Driver/Src/stm32f1xx_hal_spi.o
 .text.SPI_CheckFlag_BSY
                0x08002412       0x3c Drivers/STM32F1xx_HAL_Driver/Src/stm32f1xx_hal_spi.o
 .text.HAL_SPI_Init
                0x0800244e       0xca Drivers/STM32F1xx_HAL_Driver/Src/stm32f1xx_hal_spi_ex.o
                0x0800244e                HAL_SPI_Init
 .text.HAL_UART_Init
                0x08002518       0x9a Drivers/STM32F1xx_HAL_Driver/Src/stm32f1xx_hal_uart.o
                0x08002518                HAL_UART_Init
 *fill*         0x080025b2        0x2 
 .text.UART_SetConfig
                0x080025b4      0x230 Drivers/STM32F1xx_HAL_Driver/Src/stm32f1xx_hal_uart.o
 .text.disk_status
                0x080027e4       0x34 Middlewares/Third_Party/FatFs/src/diskio.o
                0x080027e4                disk_status
 .text.disk_initialize
                0x08002818       0x4c Middlewares/Third_Party/FatFs/src/diskio.o
                0x08002818                disk_initialize
 .text.disk_read
                0x08002864       0x40 Middlewares/Third_Party/FatFs/src/diskio.o
                0x08002864                disk_read
 .text.disk_write
                0x080028a4       0x40 Middlewares/Third_Party/FatFs/src/diskio.o
                0x080028a4                disk_write
 .text.disk_ioctl
                0x080028e4       0x3c Middlewares/Third_Party/FatFs/src/diskio.o
                0x080028e4                disk_ioctl
 .text.clear_lock
                0x08002920       0x54 Middlewares/Third_Party/FatFs/src/ff.o
 .text.sync_window
                0x08002974       0xb4 Middlewares/Third_Party/FatFs/src/ff.o
 .text.move_window
                0x08002a28       0x68 Middlewares/Third_Party/FatFs/src/ff.o
 .text.get_ldnumber
                0x08002a90       0x86 Middlewares/Third_Party/FatFs/src/ff.o
 *fill*         0x08002b16        0x2 
 .text.check_fs
                0x08002b18       0xdc Middlewares/Third_Party/FatFs/src/ff.o
 .text.find_volume
                0x08002bf4      0x6b8 Middlewares/Third_Party/FatFs/src/ff.o
 .text.f_mount  0x080032ac       0x94 Middlewares/Third_Party/FatFs/src/ff.o
                0x080032ac                f_mount
 .text.FATFS_LinkDriverEx
                0x08003340       0x94 Middlewares/Third_Party/FatFs/src/ff_gen_drv.o
                0x08003340                FATFS_LinkDriverEx
 .text.FATFS_LinkDriver
                0x080033d4       0x1e Middlewares/Third_Party/FatFs/src/ff_gen_drv.o
                0x080033d4                FATFS_LinkDriver
 *fill*         0x080033f2        0x2 
 .text.JoyStick_Init
                0x080033f4      0x1c0 Src/Joystick.o
                0x080033f4                JoyStick_Init
 .text.SD_init  0x080035b4       0x68 Src/SD.o
                0x080035b4                SD_init
 .text.MX_FATFS_Init
                0x0800361c       0x24 Src/fatfs.o
                0x0800361c                MX_FATFS_Init
 .text.SELECT   0x08003640       0x18 Src/fatfs_sd.o
 .text.DESELECT
                0x08003658       0x18 Src/fatfs_sd.o
 .text.SPI_TxByte
                0x08003670       0x34 Src/fatfs_sd.o
 .text.SPI_RxByte
                0x080036a4       0x3c Src/fatfs_sd.o
 .text.SPI_RxBytePtr
                0x080036e0       0x1c Src/fatfs_sd.o
 .text.SD_ReadyWait
                0x080036fc       0x38 Src/fatfs_sd.o
 .text.SD_PowerOn
                0x08003734       0x98 Src/fatfs_sd.o
 .text.SD_PowerOff
                0x080037cc       0x18 Src/fatfs_sd.o
 .text.SD_CheckPower
                0x080037e4       0x14 Src/fatfs_sd.o
 .text.SD_RxDataBlock
                0x080037f8       0x6c Src/fatfs_sd.o
 .text.SD_TxDataBlock
                0x08003864       0xa8 Src/fatfs_sd.o
 .text.SD_SendCmd
                0x0800390c       0xa4 Src/fatfs_sd.o
 .text.SD_disk_initialize
                0x080039b0      0x1d4 Src/fatfs_sd.o
                0x080039b0                SD_disk_initialize
 .text.SD_disk_status
                0x08003b84       0x28 Src/fatfs_sd.o
                0x08003b84                SD_disk_status
 .text.SD_disk_read
                0x08003bac       0xd4 Src/fatfs_sd.o
                0x08003bac                SD_disk_read
 .text.SD_disk_write
                0x08003c80      0x108 Src/fatfs_sd.o
                0x08003c80                SD_disk_write
 .text.SD_disk_ioctl
                0x08003d88      0x264 Src/fatfs_sd.o
                0x08003d88                SD_disk_ioctl
 .text.main     0x08003fec       0x40 Src/main.o
                0x08003fec                main
 .text.SystemClock_Config
                0x0800402c       0xb6 Src/main.o
                0x0800402c                SystemClock_Config
 *fill*         0x080040e2        0x2 
 .text.MX_I2C1_Init
                0x080040e4       0x5c Src/main.o
                0x080040e4                MX_I2C1_Init
 .text.MX_SPI1_Init
                0x08004140       0x6c Src/main.o
                0x08004140                MX_SPI1_Init
 .text.MX_USART1_UART_Init
                0x080041ac       0x54 Src/main.o
                0x080041ac                MX_USART1_UART_Init
 .text.MX_DMA_Init
                0x08004200       0x3c Src/main.o
                0x08004200                MX_DMA_Init
 .text.MX_GPIO_Init
                0x0800423c       0xc8 Src/main.o
                0x0800423c                MX_GPIO_Init
 .text.Error_Handler
                0x08004304        0xc Src/main.o
                0x08004304                Error_Handler
 .text.HAL_MspInit
                0x08004310       0x64 Src/stm32f1xx_hal_msp.o
                0x08004310                HAL_MspInit
 .text.HAL_ADC_MspInit
                0x08004374       0xd0 Src/stm32f1xx_hal_msp.o
                0x08004374                HAL_ADC_MspInit
 .text.HAL_I2C_MspInit
                0x08004444       0x7c Src/stm32f1xx_hal_msp.o
                0x08004444                HAL_I2C_MspInit
 .text.HAL_SPI_MspInit
                0x080044c0       0x94 Src/stm32f1xx_hal_msp.o
                0x080044c0                HAL_SPI_MspInit
 .text.HAL_UART_MspInit
                0x08004554       0x98 Src/stm32f1xx_hal_msp.o
                0x08004554                HAL_UART_MspInit
 .text.SDTimer_Handler
                0x080045ec       0x44 Src/stm32f1xx_it.o
                0x080045ec                SDTimer_Handler
 .text.NMI_Handler
                0x08004630        0xc Src/stm32f1xx_it.o
                0x08004630                NMI_Handler
 .text.HardFault_Handler
                0x0800463c        0x6 Src/stm32f1xx_it.o
                0x0800463c                HardFault_Handler
 .text.MemManage_Handler
                0x08004642        0x6 Src/stm32f1xx_it.o
                0x08004642                MemManage_Handler
 .text.BusFault_Handler
                0x08004648        0x6 Src/stm32f1xx_it.o
                0x08004648                BusFault_Handler
 .text.UsageFault_Handler
                0x0800464e        0x6 Src/stm32f1xx_it.o
                0x0800464e                UsageFault_Handler
 .text.SVC_Handler
                0x08004654        0xc Src/stm32f1xx_it.o
                0x08004654                SVC_Handler
 .text.DebugMon_Handler
                0x08004660        0xc Src/stm32f1xx_it.o
                0x08004660                DebugMon_Handler
 .text.PendSV_Handler
                0x0800466c        0xc Src/stm32f1xx_it.o
                0x0800466c                PendSV_Handler
 .text.SysTick_Handler
                0x08004678       0x34 Src/stm32f1xx_it.o
                0x08004678                SysTick_Handler
 .text.DMA1_Channel1_IRQHandler
                0x080046ac       0x14 Src/stm32f1xx_it.o
                0x080046ac                DMA1_Channel1_IRQHandler
 .text.SystemInit
                0x080046c0       0x68 Src/system_stm32f1xx.o
                0x080046c0                SystemInit
 .text.USER_initialize
                0x08004728       0x2c Src/user_diskio.o
                0x08004728                USER_initialize
 .text.USER_status
                0x08004754       0x1c Src/user_diskio.o
                0x08004754                USER_status
 .text.USER_read
                0x08004770       0x26 Src/user_diskio.o
                0x08004770                USER_read
 .text.USER_write
                0x08004796       0x26 Src/user_diskio.o
                0x08004796                USER_write
 .text.USER_ioctl
                0x080047bc       0x26 Src/user_diskio.o
                0x080047bc                USER_ioctl
 *fill*         0x080047e2        0x2 
 .text.Reset_Handler
                0x080047e4       0x48 Startup/startup_stm32f103c8tx.o
                0x080047e4                Reset_Handler
 .text.Default_Handler
                0x0800482c        0x2 Startup/startup_stm32f103c8tx.o
                0x0800482c                RTC_Alarm_IRQHandler
                0x0800482c                EXTI2_IRQHandler
                0x0800482c                TIM1_CC_IRQHandler
                0x0800482c                PVD_IRQHandler
                0x0800482c                EXTI3_IRQHandler
                0x0800482c                EXTI0_IRQHandler
                0x0800482c                I2C2_EV_IRQHandler
                0x0800482c                ADC1_2_IRQHandler
                0x0800482c                SPI1_IRQHandler
                0x0800482c                TAMPER_IRQHandler
                0x0800482c                DMA1_Channel4_IRQHandler
                0x0800482c                USART3_IRQHandler
                0x0800482c                RTC_IRQHandler
                0x0800482c                DMA1_Channel7_IRQHandler
                0x0800482c                CAN1_RX1_IRQHandler
                0x0800482c                TIM4_IRQHandler
                0x0800482c                I2C1_EV_IRQHandler
                0x0800482c                DMA1_Channel6_IRQHandler
                0x0800482c                TIM3_IRQHandler
                0x0800482c                RCC_IRQHandler
                0x0800482c                TIM1_TRG_COM_IRQHandler
                0x0800482c                Default_Handler
                0x0800482c                EXTI15_10_IRQHandler
                0x0800482c                EXTI9_5_IRQHandler
                0x0800482c                SPI2_IRQHandler
                0x0800482c                DMA1_Channel5_IRQHandler
                0x0800482c                EXTI4_IRQHandler
                0x0800482c                USB_LP_CAN1_RX0_IRQHandler
                0x0800482c                USB_HP_CAN1_TX_IRQHandler
                0x0800482c                DMA1_Channel3_IRQHandler
                0x0800482c                TIM1_UP_IRQHandler
                0x0800482c                WWDG_IRQHandler
                0x0800482c                TIM2_IRQHandler
                0x0800482c                TIM1_BRK_IRQHandler
                0x0800482c                EXTI1_IRQHandler
                0x0800482c                USART2_IRQHandler
                0x0800482c                I2C2_ER_IRQHandler
                0x0800482c                DMA1_Channel2_IRQHandler
                0x0800482c                CAN1_SCE_IRQHandler
                0x0800482c                FLASH_IRQHandler
                0x0800482c                USART1_IRQHandler
                0x0800482c                I2C1_ER_IRQHandler
                0x0800482c                USBWakeUp_IRQHandler
 *fill*         0x0800482e        0x2 
 .text.__libc_init_array
                0x08004830       0x48 c:/st/stm32cubeide_1.5.0/stm32cubeide/plugins/com.st.stm32cube.ide.mcu.externaltools.gnu-arm-embedded.9-2020-q2-update.win32_1.5.0.202011040924/tools/bin/../lib/gcc/arm-none-eabi/9.3.1/../../../../arm-none-eabi/lib/thumb/v7-m/nofp\libc_nano.a(lib_a-init.o)
                0x08004830                __libc_init_array
 .text.memset   0x08004878       0x10 c:/st/stm32cubeide_1.5.0/stm32cubeide/plugins/com.st.stm32cube.ide.mcu.externaltools.gnu-arm-embedded.9-2020-q2-update.win32_1.5.0.202011040924/tools/bin/../lib/gcc/arm-none-eabi/9.3.1/../../../../arm-none-eabi/lib/thumb/v7-m/nofp\libc_nano.a(lib_a-memset.o)
                0x08004878                memset
 *(.glue_7)
 .glue_7        0x08004888        0x0 linker stubs
 *(.glue_7t)
 .glue_7t       0x08004888        0x0 linker stubs
 *(.eh_frame)
 .eh_frame      0x08004888        0x0 c:/st/stm32cubeide_1.5.0/stm32cubeide/plugins/com.st.stm32cube.ide.mcu.externaltools.gnu-arm-embedded.9-2020-q2-update.win32_1.5.0.202011040924/tools/bin/../lib/gcc/arm-none-eabi/9.3.1/thumb/v7-m/nofp/crtbegin.o
 *(.init)
 .init          0x08004888        0x4 c:/st/stm32cubeide_1.5.0/stm32cubeide/plugins/com.st.stm32cube.ide.mcu.externaltools.gnu-arm-embedded.9-2020-q2-update.win32_1.5.0.202011040924/tools/bin/../lib/gcc/arm-none-eabi/9.3.1/thumb/v7-m/nofp/crti.o
                0x08004888                _init
 .init          0x0800488c        0x8 c:/st/stm32cubeide_1.5.0/stm32cubeide/plugins/com.st.stm32cube.ide.mcu.externaltools.gnu-arm-embedded.9-2020-q2-update.win32_1.5.0.202011040924/tools/bin/../lib/gcc/arm-none-eabi/9.3.1/thumb/v7-m/nofp/crtn.o
 *(.fini)
 .fini          0x08004894        0x4 c:/st/stm32cubeide_1.5.0/stm32cubeide/plugins/com.st.stm32cube.ide.mcu.externaltools.gnu-arm-embedded.9-2020-q2-update.win32_1.5.0.202011040924/tools/bin/../lib/gcc/arm-none-eabi/9.3.1/thumb/v7-m/nofp/crti.o
                0x08004894                _fini
 .fini          0x08004898        0x8 c:/st/stm32cubeide_1.5.0/stm32cubeide/plugins/com.st.stm32cube.ide.mcu.externaltools.gnu-arm-embedded.9-2020-q2-update.win32_1.5.0.202011040924/tools/bin/../lib/gcc/arm-none-eabi/9.3.1/thumb/v7-m/nofp/crtn.o
                0x080048a0                . = ALIGN (0x4)
                0x080048a0                _etext = .

.vfp11_veneer   0x080048a0        0x0
 .vfp11_veneer  0x080048a0        0x0 linker stubs

.v4_bx          0x080048a0        0x0
 .v4_bx         0x080048a0        0x0 linker stubs

.iplt           0x080048a0        0x0
 .iplt          0x080048a0        0x0 c:/st/stm32cubeide_1.5.0/stm32cubeide/plugins/com.st.stm32cube.ide.mcu.externaltools.gnu-arm-embedded.9-2020-q2-update.win32_1.5.0.202011040924/tools/bin/../lib/gcc/arm-none-eabi/9.3.1/thumb/v7-m/nofp/crtbegin.o

.rodata         0x080048a0       0x58
                0x080048a0                . = ALIGN (0x4)
 *(.rodata)
 .rodata        0x080048a0       0x10 Drivers/STM32F1xx_HAL_Driver/Src/stm32f1xx_hal_rcc.o
 .rodata        0x080048b0       0x10 Drivers/STM32F1xx_HAL_Driver/Src/stm32f1xx_hal_rcc_ex.o
 .rodata        0x080048c0        0x1 Src/SD.o
 *(.rodata*)
 *fill*         0x080048c1        0x3 
 .rodata.JoyStick_CfgParam
                0x080048c4       0x1c Src/Joystick_CFG.o
                0x080048c4                JoyStick_CfgParam
 .rodata.AHBPrescTable
                0x080048e0       0x10 Src/system_stm32f1xx.o
                0x080048e0                AHBPrescTable
 .rodata.APBPrescTable
                0x080048f0        0x8 Src/system_stm32f1xx.o
                0x080048f0                APBPrescTable
                0x080048f8                . = ALIGN (0x4)

.rel.dyn        0x080048f8        0x0
 .rel.iplt      0x080048f8        0x0 c:/st/stm32cubeide_1.5.0/stm32cubeide/plugins/com.st.stm32cube.ide.mcu.externaltools.gnu-arm-embedded.9-2020-q2-update.win32_1.5.0.202011040924/tools/bin/../lib/gcc/arm-none-eabi/9.3.1/thumb/v7-m/nofp/crtbegin.o

.ARM.extab      0x080048f8        0x0
                0x080048f8                . = ALIGN (0x4)
 *(.ARM.extab* .gnu.linkonce.armextab.*)
                0x080048f8                . = ALIGN (0x4)

.ARM            0x080048f8        0x0
                0x080048f8                . = ALIGN (0x4)
                0x080048f8                __exidx_start = .
 *(.ARM.exidx*)
                0x080048f8                __exidx_end = .
                0x080048f8                . = ALIGN (0x4)

.preinit_array  0x080048f8        0x0
                0x080048f8                . = ALIGN (0x4)
                0x080048f8                PROVIDE (__preinit_array_start = .)
 *(.preinit_array*)
                0x080048f8                PROVIDE (__preinit_array_end = .)
                0x080048f8                . = ALIGN (0x4)

.init_array     0x080048f8        0x4
                0x080048f8                . = ALIGN (0x4)
                0x080048f8                PROVIDE (__init_array_start = .)
 *(SORT_BY_NAME(.init_array.*))
 *(.init_array*)
 .init_array    0x080048f8        0x4 c:/st/stm32cubeide_1.5.0/stm32cubeide/plugins/com.st.stm32cube.ide.mcu.externaltools.gnu-arm-embedded.9-2020-q2-update.win32_1.5.0.202011040924/tools/bin/../lib/gcc/arm-none-eabi/9.3.1/thumb/v7-m/nofp/crtbegin.o
                0x080048fc                PROVIDE (__init_array_end = .)
                0x080048fc                . = ALIGN (0x4)

.fini_array     0x080048fc        0x4
                0x080048fc                . = ALIGN (0x4)
                [!provide]                PROVIDE (__fini_array_start = .)
 *(SORT_BY_NAME(.fini_array.*))
 *(.fini_array*)
 .fini_array    0x080048fc        0x4 c:/st/stm32cubeide_1.5.0/stm32cubeide/plugins/com.st.stm32cube.ide.mcu.externaltools.gnu-arm-embedded.9-2020-q2-update.win32_1.5.0.202011040924/tools/bin/../lib/gcc/arm-none-eabi/9.3.1/thumb/v7-m/nofp/crtbegin.o
                [!provide]                PROVIDE (__fini_array_end = .)
                0x08004900                . = ALIGN (0x4)
                0x08004900                _sidata = LOADADDR (.data)

.data           0x20000000       0x24 load address 0x08004900
                0x20000000                . = ALIGN (0x4)
                0x20000000                _sdata = .
 *(.data)
 *(.data*)
 .data.uwTickPrio
                0x20000000        0x4 Drivers/STM32F1xx_HAL_Driver/Src/stm32f1xx_hal.o
                0x20000000                uwTickPrio
 .data.uwTickFreq
                0x20000004        0x1 Drivers/STM32F1xx_HAL_Driver/Src/stm32f1xx_hal.o
                0x20000004                uwTickFreq
 .data.Stat     0x20000005        0x1 Src/fatfs_sd.o
 *fill*         0x20000006        0x2 
 .data.SystemCoreClock
                0x20000008        0x4 Src/system_stm32f1xx.o
                0x20000008                SystemCoreClock
 .data.Stat     0x2000000c        0x1 Src/user_diskio.o
 *fill*         0x2000000d        0x3 
 .data.USER_Driver
                0x20000010       0x14 Src/user_diskio.o
                0x20000010                USER_Driver
                0x20000024                . = ALIGN (0x4)
                0x20000024                _edata = .

.igot.plt       0x20000024        0x0 load address 0x08004924
 .igot.plt      0x20000024        0x0 c:/st/stm32cubeide_1.5.0/stm32cubeide/plugins/com.st.stm32cube.ide.mcu.externaltools.gnu-arm-embedded.9-2020-q2-update.win32_1.5.0.202011040924/tools/bin/../lib/gcc/arm-none-eabi/9.3.1/thumb/v7-m/nofp/crtbegin.o
                0x20000024                . = ALIGN (0x4)

.bss            0x20000024     0x42fc load address 0x08004924
                0x20000024                _sbss = .
                0x20000024                __bss_start__ = _sbss
 *(.bss)
 .bss           0x20000024       0x1c c:/st/stm32cubeide_1.5.0/stm32cubeide/plugins/com.st.stm32cube.ide.mcu.externaltools.gnu-arm-embedded.9-2020-q2-update.win32_1.5.0.202011040924/tools/bin/../lib/gcc/arm-none-eabi/9.3.1/thumb/v7-m/nofp/crtbegin.o
 *(.bss*)
 .bss.FatFs     0x20000040        0x4 Middlewares/Third_Party/FatFs/src/ff.o
 .bss.Fsid      0x20000044        0x2 Middlewares/Third_Party/FatFs/src/ff.o
 *fill*         0x20000046        0x2 
 .bss.Files     0x20000048       0x18 Middlewares/Third_Party/FatFs/src/ff.o
 .bss.disk      0x20000060        0xc Middlewares/Third_Party/FatFs/src/ff_gen_drv.o
                0x20000060                disk
 .bss.hadc      0x2000006c       0x30 Src/Joystick.o
 .bss.sConfig   0x2000009c        0xc Src/Joystick.o
 .bss.calibrated
                0x200000a8        0x1 Src/Joystick.o
 .bss.CardType  0x200000a9        0x1 Src/fatfs_sd.o
 .bss.PowerFlag
                0x200000aa        0x1 Src/fatfs_sd.o
 .bss.FatFsCnt  0x200000ab        0x1 Src/stm32f1xx_it.o
                0x200000ab                FatFsCnt
 *(COMMON)
 COMMON         0x200000ac        0x4 Drivers/STM32F1xx_HAL_Driver/Src/stm32f1xx_hal.o
                0x200000ac                uwTick
 COMMON         0x200000b0     0x2065 Src/SD.o
                0x200000b0                fs
                0x200010e0                byteswritten
                0x200010e4                bytesread
                0x200010e8                file
                0x20002114                res
 *fill*         0x20002115        0x3 
 COMMON         0x20002118     0x2064 Src/fatfs.o
                0x20002118                USERPath
                0x2000211c                retUSER
                0x20002120                USERFile
                0x2000314c                USERFatFS
 COMMON         0x2000417c      0x1a0 Src/main.o
                0x2000417c                fre_clust
                0x20004180                fileInfo
                0x200041a0                hi2c1
                0x200041f4                fileResult
                0x200041f8                Joystick_xy
                0x200041fc                br
                0x20004200                hadc1
                0x20004230                free_space
                0x20004234                huart1
                0x20004274                hdma_adc1
                0x200042b8                bw
                0x200042bc                pfs
                0x200042c0                hspi1
                0x20004318                total
 COMMON         0x2000431c        0x2 Src/stm32f1xx_it.o
                0x2000431c                Timer2
                0x2000431d                Timer1
                0x20004320                . = ALIGN (0x4)
 *fill*         0x2000431e        0x2 
                0x20004320                _ebss = .
                0x20004320                __bss_end__ = _ebss

._user_heap_stack
                0x20004320      0x600 load address 0x08004924
                0x20004320                . = ALIGN (0x8)
                [!provide]                PROVIDE (end = .)
                0x20004320                PROVIDE (_end = .)
                0x20004520                . = (. + _Min_Heap_Size)
 *fill*         0x20004320      0x200 
                0x20004920                . = (. + _Min_Stack_Size)
 *fill*         0x20004520      0x400 
                0x20004920                . = ALIGN (0x8)

/DISCARD/
 libc.a(*)
 libm.a(*)
 libgcc.a(*)

.ARM.attributes
                0x00000000       0x29
 *(.ARM.attributes)
 .ARM.attributes
                0x00000000       0x1d c:/st/stm32cubeide_1.5.0/stm32cubeide/plugins/com.st.stm32cube.ide.mcu.externaltools.gnu-arm-embedded.9-2020-q2-update.win32_1.5.0.202011040924/tools/bin/../lib/gcc/arm-none-eabi/9.3.1/thumb/v7-m/nofp/crti.o
 .ARM.attributes
                0x0000001d       0x2d c:/st/stm32cubeide_1.5.0/stm32cubeide/plugins/com.st.stm32cube.ide.mcu.externaltools.gnu-arm-embedded.9-2020-q2-update.win32_1.5.0.202011040924/tools/bin/../lib/gcc/arm-none-eabi/9.3.1/thumb/v7-m/nofp/crtbegin.o
 .ARM.attributes
                0x0000004a       0x2d Drivers/STM32F1xx_HAL_Driver/Src/stm32f1xx_hal.o
 .ARM.attributes
                0x00000077       0x2d Drivers/STM32F1xx_HAL_Driver/Src/stm32f1xx_hal_adc.o
 .ARM.attributes
                0x000000a4       0x2d Drivers/STM32F1xx_HAL_Driver/Src/stm32f1xx_hal_adc_ex.o
 .ARM.attributes
                0x000000d1       0x2d Drivers/STM32F1xx_HAL_Driver/Src/stm32f1xx_hal_cortex.o
 .ARM.attributes
                0x000000fe       0x2d Drivers/STM32F1xx_HAL_Driver/Src/stm32f1xx_hal_dma.o
 .ARM.attributes
                0x0000012b       0x2d Drivers/STM32F1xx_HAL_Driver/Src/stm32f1xx_hal_gpio.o
 .ARM.attributes
                0x00000158       0x2d Drivers/STM32F1xx_HAL_Driver/Src/stm32f1xx_hal_i2c.o
 .ARM.attributes
                0x00000185       0x2d Drivers/STM32F1xx_HAL_Driver/Src/stm32f1xx_hal_rcc.o
 .ARM.attributes
                0x000001b2       0x2d Drivers/STM32F1xx_HAL_Driver/Src/stm32f1xx_hal_rcc_ex.o
 .ARM.attributes
                0x000001df       0x2d Drivers/STM32F1xx_HAL_Driver/Src/stm32f1xx_hal_spi.o
 .ARM.attributes
                0x0000020c       0x2d Drivers/STM32F1xx_HAL_Driver/Src/stm32f1xx_hal_spi_ex.o
 .ARM.attributes
                0x00000239       0x2d Drivers/STM32F1xx_HAL_Driver/Src/stm32f1xx_hal_uart.o
 .ARM.attributes
                0x00000266       0x2d Middlewares/Third_Party/FatFs/src/diskio.o
 .ARM.attributes
                0x00000293       0x2d Middlewares/Third_Party/FatFs/src/ff.o
 .ARM.attributes
                0x000002c0       0x2d Middlewares/Third_Party/FatFs/src/ff_gen_drv.o
 .ARM.attributes
                0x000002ed       0x2d Src/Joystick.o
 .ARM.attributes
                0x0000031a       0x33 Src/Joystick_CFG.o
 .ARM.attributes
                0x0000034d       0x2d Src/SD.o
 .ARM.attributes
                0x0000037a       0x2d Src/fatfs.o
 .ARM.attributes
                0x000003a7       0x2d Src/fatfs_sd.o
 .ARM.attributes
                0x000003d4       0x2d Src/main.o
 .ARM.attributes
                0x00000401       0x2d Src/stm32f1xx_hal_msp.o
 .ARM.attributes
                0x0000042e       0x2d Src/stm32f1xx_it.o
 .ARM.attributes
                0x0000045b       0x2d Src/system_stm32f1xx.o
 .ARM.attributes
                0x00000488       0x2d Src/user_diskio.o
 .ARM.attributes
                0x000004b5       0x21 Startup/startup_stm32f103c8tx.o
 .ARM.attributes
                0x000004d6       0x2d c:/st/stm32cubeide_1.5.0/stm32cubeide/plugins/com.st.stm32cube.ide.mcu.externaltools.gnu-arm-embedded.9-2020-q2-update.win32_1.5.0.202011040924/tools/bin/../lib/gcc/arm-none-eabi/9.3.1/../../../../arm-none-eabi/lib/thumb/v7-m/nofp\libc_nano.a(lib_a-init.o)
 .ARM.attributes
                0x00000503       0x2d c:/st/stm32cubeide_1.5.0/stm32cubeide/plugins/com.st.stm32cube.ide.mcu.externaltools.gnu-arm-embedded.9-2020-q2-update.win32_1.5.0.202011040924/tools/bin/../lib/gcc/arm-none-eabi/9.3.1/../../../../arm-none-eabi/lib/thumb/v7-m/nofp\libc_nano.a(lib_a-memset.o)
 .ARM.attributes
                0x00000530       0x1d c:/st/stm32cubeide_1.5.0/stm32cubeide/plugins/com.st.stm32cube.ide.mcu.externaltools.gnu-arm-embedded.9-2020-q2-update.win32_1.5.0.202011040924/tools/bin/../lib/gcc/arm-none-eabi/9.3.1/thumb/v7-m/nofp/crtn.o
OUTPUT(GCode.elf elf32-littlearm)
LOAD linker stubs
LOAD c:/st/stm32cubeide_1.5.0/stm32cubeide/plugins/com.st.stm32cube.ide.mcu.externaltools.gnu-arm-embedded.9-2020-q2-update.win32_1.5.0.202011040924/tools/bin/../lib/gcc/arm-none-eabi/9.3.1/../../../../arm-none-eabi/lib/thumb/v7-m/nofp\libc.a
LOAD c:/st/stm32cubeide_1.5.0/stm32cubeide/plugins/com.st.stm32cube.ide.mcu.externaltools.gnu-arm-embedded.9-2020-q2-update.win32_1.5.0.202011040924/tools/bin/../lib/gcc/arm-none-eabi/9.3.1/../../../../arm-none-eabi/lib/thumb/v7-m/nofp\libm.a
LOAD c:/st/stm32cubeide_1.5.0/stm32cubeide/plugins/com.st.stm32cube.ide.mcu.externaltools.gnu-arm-embedded.9-2020-q2-update.win32_1.5.0.202011040924/tools/bin/../lib/gcc/arm-none-eabi/9.3.1/thumb/v7-m/nofp\libgcc.a

.debug_info     0x00000000    0x2082b
 .debug_info    0x00000000      0xfdd Drivers/STM32F1xx_HAL_Driver/Src/stm32f1xx_hal.o
 .debug_info    0x00000fdd     0x15b1 Drivers/STM32F1xx_HAL_Driver/Src/stm32f1xx_hal_adc.o
 .debug_info    0x0000258e     0x132b Drivers/STM32F1xx_HAL_Driver/Src/stm32f1xx_hal_adc_ex.o
 .debug_info    0x000038b9     0x1461 Drivers/STM32F1xx_HAL_Driver/Src/stm32f1xx_hal_cortex.o
 .debug_info    0x00004d1a     0x10b2 Drivers/STM32F1xx_HAL_Driver/Src/stm32f1xx_hal_dma.o
 .debug_info    0x00005dcc      0xfa2 Drivers/STM32F1xx_HAL_Driver/Src/stm32f1xx_hal_gpio.o
 .debug_info    0x00006d6e     0x2c32 Drivers/STM32F1xx_HAL_Driver/Src/stm32f1xx_hal_i2c.o
 .debug_info    0x000099a0     0x1138 Drivers/STM32F1xx_HAL_Driver/Src/stm32f1xx_hal_rcc.o
 .debug_info    0x0000aad8      0xd16 Drivers/STM32F1xx_HAL_Driver/Src/stm32f1xx_hal_rcc_ex.o
 .debug_info    0x0000b7ee     0x1e47 Drivers/STM32F1xx_HAL_Driver/Src/stm32f1xx_hal_spi.o
 .debug_info    0x0000d635      0xf39 Drivers/STM32F1xx_HAL_Driver/Src/stm32f1xx_hal_spi_ex.o
 .debug_info    0x0000e56e     0x1b72 Drivers/STM32F1xx_HAL_Driver/Src/stm32f1xx_hal_uart.o
 .debug_info    0x000100e0      0xe2b Middlewares/Third_Party/FatFs/src/diskio.o
 .debug_info    0x00010f0b     0x306b Middlewares/Third_Party/FatFs/src/ff.o
 .debug_info    0x00013f76      0xdbc Middlewares/Third_Party/FatFs/src/ff_gen_drv.o
 .debug_info    0x00014d32     0x1219 Src/Joystick.o
 .debug_info    0x00015f4b      0xc9a Src/Joystick_CFG.o
 .debug_info    0x00016be5     0x11ea Src/SD.o
 .debug_info    0x00017dcf      0xf24 Src/fatfs.o
 .debug_info    0x00018cf3     0x14ce Src/fatfs_sd.o
 .debug_info    0x0001a1c1     0x22f4 Src/main.o
 .debug_info    0x0001c4b5     0x1adf Src/stm32f1xx_hal_msp.o
 .debug_info    0x0001df94      0xdf0 Src/stm32f1xx_it.o
 .debug_info    0x0001ed84      0xd13 Src/system_stm32f1xx.o
 .debug_info    0x0001fa97      0xd72 Src/user_diskio.o
 .debug_info    0x00020809       0x22 Startup/startup_stm32f103c8tx.o

.debug_abbrev   0x00000000     0x3ffc
 .debug_abbrev  0x00000000      0x2fb Drivers/STM32F1xx_HAL_Driver/Src/stm32f1xx_hal.o
 .debug_abbrev  0x000002fb      0x267 Drivers/STM32F1xx_HAL_Driver/Src/stm32f1xx_hal_adc.o
 .debug_abbrev  0x00000562      0x28b Drivers/STM32F1xx_HAL_Driver/Src/stm32f1xx_hal_adc_ex.o
 .debug_abbrev  0x000007ed      0x3bb Drivers/STM32F1xx_HAL_Driver/Src/stm32f1xx_hal_cortex.o
 .debug_abbrev  0x00000ba8      0x2a5 Drivers/STM32F1xx_HAL_Driver/Src/stm32f1xx_hal_dma.o
 .debug_abbrev  0x00000e4d      0x285 Drivers/STM32F1xx_HAL_Driver/Src/stm32f1xx_hal_gpio.o
 .debug_abbrev  0x000010d2      0x2e4 Drivers/STM32F1xx_HAL_Driver/Src/stm32f1xx_hal_i2c.o
 .debug_abbrev  0x000013b6      0x32b Drivers/STM32F1xx_HAL_Driver/Src/stm32f1xx_hal_rcc.o
 .debug_abbrev  0x000016e1      0x258 Drivers/STM32F1xx_HAL_Driver/Src/stm32f1xx_hal_rcc_ex.o
 .debug_abbrev  0x00001939      0x2eb Drivers/STM32F1xx_HAL_Driver/Src/stm32f1xx_hal_spi.o
 .debug_abbrev  0x00001c24      0x1db Drivers/STM32F1xx_HAL_Driver/Src/stm32f1xx_hal_spi_ex.o
 .debug_abbrev  0x00001dff      0x2ed Drivers/STM32F1xx_HAL_Driver/Src/stm32f1xx_hal_uart.o
 .debug_abbrev  0x000020ec      0x237 Middlewares/Third_Party/FatFs/src/diskio.o
 .debug_abbrev  0x00002323      0x32c Middlewares/Third_Party/FatFs/src/ff.o
 .debug_abbrev  0x0000264f      0x268 Middlewares/Third_Party/FatFs/src/ff_gen_drv.o
 .debug_abbrev  0x000028b7      0x218 Src/Joystick.o
 .debug_abbrev  0x00002acf      0x1bb Src/Joystick_CFG.o
 .debug_abbrev  0x00002c8a      0x284 Src/SD.o
 .debug_abbrev  0x00002f0e      0x238 Src/fatfs.o
 .debug_abbrev  0x00003146      0x304 Src/fatfs_sd.o
 .debug_abbrev  0x0000344a      0x31e Src/main.o
 .debug_abbrev  0x00003768      0x256 Src/stm32f1xx_hal_msp.o
 .debug_abbrev  0x000039be      0x1f3 Src/stm32f1xx_it.o
 .debug_abbrev  0x00003bb1      0x21c Src/system_stm32f1xx.o
 .debug_abbrev  0x00003dcd      0x21d Src/user_diskio.o
 .debug_abbrev  0x00003fea       0x12 Startup/startup_stm32f103c8tx.o

.debug_aranges  0x00000000     0x1090
 .debug_aranges
                0x00000000       0xd0 Drivers/STM32F1xx_HAL_Driver/Src/stm32f1xx_hal.o
 .debug_aranges
                0x000000d0       0xf0 Drivers/STM32F1xx_HAL_Driver/Src/stm32f1xx_hal_adc.o
 .debug_aranges
                0x000001c0       0x80 Drivers/STM32F1xx_HAL_Driver/Src/stm32f1xx_hal_adc_ex.o
 .debug_aranges
                0x00000240      0x100 Drivers/STM32F1xx_HAL_Driver/Src/stm32f1xx_hal_cortex.o
 .debug_aranges
                0x00000340       0x80 Drivers/STM32F1xx_HAL_Driver/Src/stm32f1xx_hal_dma.o
 .debug_aranges
                0x000003c0       0x58 Drivers/STM32F1xx_HAL_Driver/Src/stm32f1xx_hal_gpio.o
 .debug_aranges
                0x00000418      0x268 Drivers/STM32F1xx_HAL_Driver/Src/stm32f1xx_hal_i2c.o
 .debug_aranges
                0x00000680       0x90 Drivers/STM32F1xx_HAL_Driver/Src/stm32f1xx_hal_rcc.o
 .debug_aranges
                0x00000710       0x30 Drivers/STM32F1xx_HAL_Driver/Src/stm32f1xx_hal_rcc_ex.o
 .debug_aranges
                0x00000740      0x1d0 Drivers/STM32F1xx_HAL_Driver/Src/stm32f1xx_hal_spi.o
 .debug_aranges
                0x00000910       0x20 Drivers/STM32F1xx_HAL_Driver/Src/stm32f1xx_hal_spi_ex.o
 .debug_aranges
                0x00000930      0x1d0 Drivers/STM32F1xx_HAL_Driver/Src/stm32f1xx_hal_uart.o
 .debug_aranges
                0x00000b00       0x48 Middlewares/Third_Party/FatFs/src/diskio.o
 .debug_aranges
                0x00000b48      0x210 Middlewares/Third_Party/FatFs/src/ff.o
 .debug_aranges
                0x00000d58       0x40 Middlewares/Third_Party/FatFs/src/ff_gen_drv.o
 .debug_aranges
                0x00000d98       0x28 Src/Joystick.o
 .debug_aranges
                0x00000dc0       0x18 Src/Joystick_CFG.o
 .debug_aranges
                0x00000dd8       0x38 Src/SD.o
 .debug_aranges
                0x00000e10       0x28 Src/fatfs.o
 .debug_aranges
                0x00000e38       0xa0 Src/fatfs_sd.o
 .debug_aranges
                0x00000ed8       0x58 Src/main.o
 .debug_aranges
                0x00000f30       0x60 Src/stm32f1xx_hal_msp.o
 .debug_aranges
                0x00000f90       0x70 Src/stm32f1xx_it.o
 .debug_aranges
                0x00001000       0x28 Src/system_stm32f1xx.o
 .debug_aranges
                0x00001028       0x40 Src/user_diskio.o
 .debug_aranges
                0x00001068       0x28 Startup/startup_stm32f103c8tx.o

.debug_ranges   0x00000000      0xef0
 .debug_ranges  0x00000000       0xc0 Drivers/STM32F1xx_HAL_Driver/Src/stm32f1xx_hal.o
 .debug_ranges  0x000000c0       0xe0 Drivers/STM32F1xx_HAL_Driver/Src/stm32f1xx_hal_adc.o
 .debug_ranges  0x000001a0       0x70 Drivers/STM32F1xx_HAL_Driver/Src/stm32f1xx_hal_adc_ex.o
 .debug_ranges  0x00000210       0xf0 Drivers/STM32F1xx_HAL_Driver/Src/stm32f1xx_hal_cortex.o
 .debug_ranges  0x00000300       0x70 Drivers/STM32F1xx_HAL_Driver/Src/stm32f1xx_hal_dma.o
 .debug_ranges  0x00000370       0x48 Drivers/STM32F1xx_HAL_Driver/Src/stm32f1xx_hal_gpio.o
 .debug_ranges  0x000003b8      0x258 Drivers/STM32F1xx_HAL_Driver/Src/stm32f1xx_hal_i2c.o
 .debug_ranges  0x00000610       0x80 Drivers/STM32F1xx_HAL_Driver/Src/stm32f1xx_hal_rcc.o
 .debug_ranges  0x00000690       0x20 Drivers/STM32F1xx_HAL_Driver/Src/stm32f1xx_hal_rcc_ex.o
 .debug_ranges  0x000006b0      0x1c0 Drivers/STM32F1xx_HAL_Driver/Src/stm32f1xx_hal_spi.o
 .debug_ranges  0x00000870       0x10 Drivers/STM32F1xx_HAL_Driver/Src/stm32f1xx_hal_spi_ex.o
 .debug_ranges  0x00000880      0x1c0 Drivers/STM32F1xx_HAL_Driver/Src/stm32f1xx_hal_uart.o
 .debug_ranges  0x00000a40       0x38 Middlewares/Third_Party/FatFs/src/diskio.o
 .debug_ranges  0x00000a78      0x200 Middlewares/Third_Party/FatFs/src/ff.o
 .debug_ranges  0x00000c78       0x30 Middlewares/Third_Party/FatFs/src/ff_gen_drv.o
 .debug_ranges  0x00000ca8       0x18 Src/Joystick.o
 .debug_ranges  0x00000cc0       0x28 Src/SD.o
 .debug_ranges  0x00000ce8       0x18 Src/fatfs.o
 .debug_ranges  0x00000d00       0x90 Src/fatfs_sd.o
 .debug_ranges  0x00000d90       0x48 Src/main.o
 .debug_ranges  0x00000dd8       0x50 Src/stm32f1xx_hal_msp.o
 .debug_ranges  0x00000e28       0x60 Src/stm32f1xx_it.o
 .debug_ranges  0x00000e88       0x18 Src/system_stm32f1xx.o
 .debug_ranges  0x00000ea0       0x30 Src/user_diskio.o
 .debug_ranges  0x00000ed0       0x20 Startup/startup_stm32f103c8tx.o

.debug_macro    0x00000000    0x19158
 .debug_macro   0x00000000      0x325 Drivers/STM32F1xx_HAL_Driver/Src/stm32f1xx_hal.o
 .debug_macro   0x00000325      0xa9c Drivers/STM32F1xx_HAL_Driver/Src/stm32f1xx_hal.o
 .debug_macro   0x00000dc1      0x181 Drivers/STM32F1xx_HAL_Driver/Src/stm32f1xx_hal.o
 .debug_macro   0x00000f42       0x2e Drivers/STM32F1xx_HAL_Driver/Src/stm32f1xx_hal.o
 .debug_macro   0x00000f70       0x22 Drivers/STM32F1xx_HAL_Driver/Src/stm32f1xx_hal.o
 .debug_macro   0x00000f92       0x22 Drivers/STM32F1xx_HAL_Driver/Src/stm32f1xx_hal.o
 .debug_macro   0x00000fb4       0x8e Drivers/STM32F1xx_HAL_Driver/Src/stm32f1xx_hal.o
 .debug_macro   0x00001042       0x51 Drivers/STM32F1xx_HAL_Driver/Src/stm32f1xx_hal.o
 .debug_macro   0x00001093      0x103 Drivers/STM32F1xx_HAL_Driver/Src/stm32f1xx_hal.o
 .debug_macro   0x00001196       0x6a Drivers/STM32F1xx_HAL_Driver/Src/stm32f1xx_hal.o
 .debug_macro   0x00001200      0x1df Drivers/STM32F1xx_HAL_Driver/Src/stm32f1xx_hal.o
 .debug_macro   0x000013df       0x34 Drivers/STM32F1xx_HAL_Driver/Src/stm32f1xx_hal.o
 .debug_macro   0x00001413       0x34 Drivers/STM32F1xx_HAL_Driver/Src/stm32f1xx_hal.o
 .debug_macro   0x00001447      0xb8e Drivers/STM32F1xx_HAL_Driver/Src/stm32f1xx_hal.o
 .debug_macro   0x00001fd5     0xe911 Drivers/STM32F1xx_HAL_Driver/Src/stm32f1xx_hal.o
 .debug_macro   0x000108e6       0x43 Drivers/STM32F1xx_HAL_Driver/Src/stm32f1xx_hal.o
 .debug_macro   0x00010929       0x52 Drivers/STM32F1xx_HAL_Driver/Src/stm32f1xx_hal.o
 .debug_macro   0x0001097b       0x18 Drivers/STM32F1xx_HAL_Driver/Src/stm32f1xx_hal.o
 .debug_macro   0x00010993       0x3c Drivers/STM32F1xx_HAL_Driver/Src/stm32f1xx_hal.o
 .debug_macro   0x000109cf       0x34 Drivers/STM32F1xx_HAL_Driver/Src/stm32f1xx_hal.o
 .debug_macro   0x00010a03       0x16 Drivers/STM32F1xx_HAL_Driver/Src/stm32f1xx_hal.o
 .debug_macro   0x00010a19       0x97 Drivers/STM32F1xx_HAL_Driver/Src/stm32f1xx_hal.o
 .debug_macro   0x00010ab0      0x339 Drivers/STM32F1xx_HAL_Driver/Src/stm32f1xx_hal.o
 .debug_macro   0x00010de9       0xfd Drivers/STM32F1xx_HAL_Driver/Src/stm32f1xx_hal.o
 .debug_macro   0x00010ee6       0x10 Drivers/STM32F1xx_HAL_Driver/Src/stm32f1xx_hal.o
 .debug_macro   0x00010ef6       0x16 Drivers/STM32F1xx_HAL_Driver/Src/stm32f1xx_hal.o
 .debug_macro   0x00010f0c       0x43 Drivers/STM32F1xx_HAL_Driver/Src/stm32f1xx_hal.o
 .debug_macro   0x00010f4f       0x34 Drivers/STM32F1xx_HAL_Driver/Src/stm32f1xx_hal.o
 .debug_macro   0x00010f83       0x10 Drivers/STM32F1xx_HAL_Driver/Src/stm32f1xx_hal.o
 .debug_macro   0x00010f93       0x58 Drivers/STM32F1xx_HAL_Driver/Src/stm32f1xx_hal.o
 .debug_macro   0x00010feb       0x71 Drivers/STM32F1xx_HAL_Driver/Src/stm32f1xx_hal.o
 .debug_macro   0x0001105c       0x1c Drivers/STM32F1xx_HAL_Driver/Src/stm32f1xx_hal.o
 .debug_macro   0x00011078      0x12a Drivers/STM32F1xx_HAL_Driver/Src/stm32f1xx_hal.o
 .debug_macro   0x000111a2       0x10 Drivers/STM32F1xx_HAL_Driver/Src/stm32f1xx_hal.o
 .debug_macro   0x000111b2       0x1c Drivers/STM32F1xx_HAL_Driver/Src/stm32f1xx_hal.o
 .debug_macro   0x000111ce       0x52 Drivers/STM32F1xx_HAL_Driver/Src/stm32f1xx_hal.o
 .debug_macro   0x00011220       0x22 Drivers/STM32F1xx_HAL_Driver/Src/stm32f1xx_hal.o
 .debug_macro   0x00011242       0x10 Drivers/STM32F1xx_HAL_Driver/Src/stm32f1xx_hal.o
 .debug_macro   0x00011252       0x40 Drivers/STM32F1xx_HAL_Driver/Src/stm32f1xx_hal.o
 .debug_macro   0x00011292       0xd5 Drivers/STM32F1xx_HAL_Driver/Src/stm32f1xx_hal.o
 .debug_macro   0x00011367       0x1c Drivers/STM32F1xx_HAL_Driver/Src/stm32f1xx_hal.o
 .debug_macro   0x00011383       0x3d Drivers/STM32F1xx_HAL_Driver/Src/stm32f1xx_hal.o
 .debug_macro   0x000113c0       0x16 Drivers/STM32F1xx_HAL_Driver/Src/stm32f1xx_hal.o
 .debug_macro   0x000113d6      0x145 Drivers/STM32F1xx_HAL_Driver/Src/stm32f1xx_hal.o
 .debug_macro   0x0001151b       0x57 Drivers/STM32F1xx_HAL_Driver/Src/stm32f1xx_hal.o
 .debug_macro   0x00011572      0x5c2 Drivers/STM32F1xx_HAL_Driver/Src/stm32f1xx_hal.o
 .debug_macro   0x00011b34      0x28a Drivers/STM32F1xx_HAL_Driver/Src/stm32f1xx_hal.o
 .debug_macro   0x00011dbe      0x1cb Drivers/STM32F1xx_HAL_Driver/Src/stm32f1xx_hal.o
 .debug_macro   0x00011f89      0x11e Drivers/STM32F1xx_HAL_Driver/Src/stm32f1xx_hal.o
 .debug_macro   0x000120a7      0x1b3 Drivers/STM32F1xx_HAL_Driver/Src/stm32f1xx_hal.o
 .debug_macro   0x0001225a       0x27 Drivers/STM32F1xx_HAL_Driver/Src/stm32f1xx_hal.o
 .debug_macro   0x00012281      0x1bc Drivers/STM32F1xx_HAL_Driver/Src/stm32f1xx_hal.o
 .debug_macro   0x0001243d       0x34 Drivers/STM32F1xx_HAL_Driver/Src/stm32f1xx_hal.o
 .debug_macro   0x00012471       0x3c Drivers/STM32F1xx_HAL_Driver/Src/stm32f1xx_hal.o
 .debug_macro   0x000124ad       0x57 Drivers/STM32F1xx_HAL_Driver/Src/stm32f1xx_hal.o
 .debug_macro   0x00012504      0x46a Drivers/STM32F1xx_HAL_Driver/Src/stm32f1xx_hal.o
 .debug_macro   0x0001296e      0x1b5 Drivers/STM32F1xx_HAL_Driver/Src/stm32f1xx_hal.o
 .debug_macro   0x00012b23       0x8c Drivers/STM32F1xx_HAL_Driver/Src/stm32f1xx_hal.o
 .debug_macro   0x00012baf      0x242 Drivers/STM32F1xx_HAL_Driver/Src/stm32f1xx_hal.o
 .debug_macro   0x00012df1      0x264 Drivers/STM32F1xx_HAL_Driver/Src/stm32f1xx_hal.o
 .debug_macro   0x00013055      0x143 Drivers/STM32F1xx_HAL_Driver/Src/stm32f1xx_hal.o
 .debug_macro   0x00013198      0x1f4 Drivers/STM32F1xx_HAL_Driver/Src/stm32f1xx_hal.o
 .debug_macro   0x0001338c      0x26b Drivers/STM32F1xx_HAL_Driver/Src/stm32f1xx_hal.o
 .debug_macro   0x000135f7       0x83 Drivers/STM32F1xx_HAL_Driver/Src/stm32f1xx_hal.o
 .debug_macro   0x0001367a      0x31e Drivers/STM32F1xx_HAL_Driver/Src/stm32f1xx_hal_adc.o
 .debug_macro   0x00013998      0x313 Drivers/STM32F1xx_HAL_Driver/Src/stm32f1xx_hal_adc_ex.o
 .debug_macro   0x00013cab      0x301 Drivers/STM32F1xx_HAL_Driver/Src/stm32f1xx_hal_cortex.o
 .debug_macro   0x00013fac      0x301 Drivers/STM32F1xx_HAL_Driver/Src/stm32f1xx_hal_dma.o
 .debug_macro   0x000142ad      0x371 Drivers/STM32F1xx_HAL_Driver/Src/stm32f1xx_hal_gpio.o
 .debug_macro   0x0001461e      0x341 Drivers/STM32F1xx_HAL_Driver/Src/stm32f1xx_hal_i2c.o
 .debug_macro   0x0001495f      0x313 Drivers/STM32F1xx_HAL_Driver/Src/stm32f1xx_hal_rcc.o
 .debug_macro   0x00014c72      0x301 Drivers/STM32F1xx_HAL_Driver/Src/stm32f1xx_hal_rcc_ex.o
 .debug_macro   0x00014f73      0x309 Drivers/STM32F1xx_HAL_Driver/Src/stm32f1xx_hal_spi.o
 .debug_macro   0x0001527c      0x301 Drivers/STM32F1xx_HAL_Driver/Src/stm32f1xx_hal_spi_ex.o
 .debug_macro   0x0001557d      0x302 Drivers/STM32F1xx_HAL_Driver/Src/stm32f1xx_hal_uart.o
 .debug_macro   0x0001587f      0x3f6 Middlewares/Third_Party/FatFs/src/diskio.o
 .debug_macro   0x00015c75       0x16 Middlewares/Third_Party/FatFs/src/diskio.o
 .debug_macro   0x00015c8b       0x7c Middlewares/Third_Party/FatFs/src/diskio.o
 .debug_macro   0x00015d07       0x70 Middlewares/Third_Party/FatFs/src/diskio.o
 .debug_macro   0x00015d77       0x4c Middlewares/Third_Party/FatFs/src/diskio.o
 .debug_macro   0x00015dc3       0x16 Middlewares/Third_Party/FatFs/src/diskio.o
 .debug_macro   0x00015dd9       0x35 Middlewares/Third_Party/FatFs/src/diskio.o
 .debug_macro   0x00015e0e       0x22 Middlewares/Third_Party/FatFs/src/diskio.o
 .debug_macro   0x00015e30       0x10 Middlewares/Third_Party/FatFs/src/diskio.o
 .debug_macro   0x00015e40       0x16 Middlewares/Third_Party/FatFs/src/diskio.o
 .debug_macro   0x00015e56       0x16 Middlewares/Third_Party/FatFs/src/diskio.o
 .debug_macro   0x00015e6c       0x29 Middlewares/Third_Party/FatFs/src/diskio.o
 .debug_macro   0x00015e95       0x1d Middlewares/Third_Party/FatFs/src/diskio.o
 .debug_macro   0x00015eb2       0xa0 Middlewares/Third_Party/FatFs/src/diskio.o
 .debug_macro   0x00015f52       0xd8 Middlewares/Third_Party/FatFs/src/diskio.o
 .debug_macro   0x0001602a       0xee Middlewares/Third_Party/FatFs/src/diskio.o
 .debug_macro   0x00016118      0x63d Middlewares/Third_Party/FatFs/src/ff.o
 .debug_macro   0x00016755       0x8e Middlewares/Third_Party/FatFs/src/ff.o
 .debug_macro   0x000167e3       0x4c Middlewares/Third_Party/FatFs/src/ff.o
 .debug_macro   0x0001682f      0x3f6 Middlewares/Third_Party/FatFs/src/ff_gen_drv.o
 .debug_macro   0x00016c25      0x326 Src/Joystick.o
 .debug_macro   0x00016f4b       0x10 Src/Joystick.o
 .debug_macro   0x00016f5b       0x40 Src/Joystick.o
 .debug_macro   0x00016f9b      0x318 Src/Joystick_CFG.o
 .debug_macro   0x000172b3      0x40d Src/SD.o
 .debug_macro   0x000176c0      0x409 Src/fatfs.o
 .debug_macro   0x00017ac9      0x340 Src/fatfs_sd.o
 .debug_macro   0x00017e09       0x70 Src/fatfs_sd.o
 .debug_macro   0x00017e79      0x409 Src/main.o
 .debug_macro   0x00018282      0x3de Src/stm32f1xx_hal_msp.o
 .debug_macro   0x00018660      0x3e8 Src/stm32f1xx_it.o
 .debug_macro   0x00018a48      0x307 Src/system_stm32f1xx.o
 .debug_macro   0x00018d4f      0x3f9 Src/user_diskio.o
 .debug_macro   0x00019148       0x10 Src/user_diskio.o

.debug_line     0x00000000    0x19017
 .debug_line    0x00000000      0xaa8 Drivers/STM32F1xx_HAL_Driver/Src/stm32f1xx_hal.o
 .debug_line    0x00000aa8     0x1119 Drivers/STM32F1xx_HAL_Driver/Src/stm32f1xx_hal_adc.o
 .debug_line    0x00001bc1      0xe73 Drivers/STM32F1xx_HAL_Driver/Src/stm32f1xx_hal_adc_ex.o
 .debug_line    0x00002a34      0xc93 Drivers/STM32F1xx_HAL_Driver/Src/stm32f1xx_hal_cortex.o
 .debug_line    0x000036c7      0xf0f Drivers/STM32F1xx_HAL_Driver/Src/stm32f1xx_hal_dma.o
 .debug_line    0x000045d6      0xb72 Drivers/STM32F1xx_HAL_Driver/Src/stm32f1xx_hal_gpio.o
 .debug_line    0x00005148     0x36a3 Drivers/STM32F1xx_HAL_Driver/Src/stm32f1xx_hal_i2c.o
 .debug_line    0x000087eb      0xec7 Drivers/STM32F1xx_HAL_Driver/Src/stm32f1xx_hal_rcc.o
 .debug_line    0x000096b2      0xa08 Drivers/STM32F1xx_HAL_Driver/Src/stm32f1xx_hal_rcc_ex.o
 .debug_line    0x0000a0ba     0x1c21 Drivers/STM32F1xx_HAL_Driver/Src/stm32f1xx_hal_spi.o
 .debug_line    0x0000bcdb      0x850 Drivers/STM32F1xx_HAL_Driver/Src/stm32f1xx_hal_spi_ex.o
 .debug_line    0x0000c52b     0x184c Drivers/STM32F1xx_HAL_Driver/Src/stm32f1xx_hal_uart.o
 .debug_line    0x0000dd77      0x9bc Middlewares/Third_Party/FatFs/src/diskio.o
 .debug_line    0x0000e733     0x395a Middlewares/Third_Party/FatFs/src/ff.o
 .debug_line    0x0001208d      0x9d9 Middlewares/Third_Party/FatFs/src/ff_gen_drv.o
 .debug_line    0x00012a66      0x93e Src/Joystick.o
 .debug_line    0x000133a4      0x810 Src/Joystick_CFG.o
 .debug_line    0x00013bb4      0xa6e Src/SD.o
 .debug_line    0x00014622      0x945 Src/fatfs.o
 .debug_line    0x00014f67      0xed0 Src/fatfs_sd.o
 .debug_line    0x00015e37      0xac0 Src/main.o
 .debug_line    0x000168f7      0xa5b Src/stm32f1xx_hal_msp.o
 .debug_line    0x00017352      0xa0b Src/stm32f1xx_it.o
 .debug_line    0x00017d5d      0x8b1 Src/system_stm32f1xx.o
 .debug_line    0x0001860e      0x98a Src/user_diskio.o
 .debug_line    0x00018f98       0x7f Startup/startup_stm32f103c8tx.o

.debug_str      0x00000000    0x76397
 .debug_str     0x00000000    0x70b20 Drivers/STM32F1xx_HAL_Driver/Src/stm32f1xx_hal.o
                              0x70efa (size before relaxing)
 .debug_str     0x00070b20      0x60f Drivers/STM32F1xx_HAL_Driver/Src/stm32f1xx_hal_adc.o
                              0x70ef7 (size before relaxing)
 .debug_str     0x0007112f      0x2fb Drivers/STM32F1xx_HAL_Driver/Src/stm32f1xx_hal_adc_ex.o
                              0x70eac (size before relaxing)
 .debug_str     0x0007142a      0x326 Drivers/STM32F1xx_HAL_Driver/Src/stm32f1xx_hal_cortex.o
                              0x70f0e (size before relaxing)
 .debug_str     0x00071750      0x23f Drivers/STM32F1xx_HAL_Driver/Src/stm32f1xx_hal_dma.o
                              0x70c66 (size before relaxing)
 .debug_str     0x0007198f      0x3a5 Drivers/STM32F1xx_HAL_Driver/Src/stm32f1xx_hal_gpio.o
                              0x70c55 (size before relaxing)
 .debug_str     0x00071d34      0xccd Drivers/STM32F1xx_HAL_Driver/Src/stm32f1xx_hal_i2c.o
                              0x7174b (size before relaxing)
 .debug_str     0x00072a01      0x35d Drivers/STM32F1xx_HAL_Driver/Src/stm32f1xx_hal_rcc.o
                              0x70c83 (size before relaxing)
 .debug_str     0x00072d5e      0x12b Drivers/STM32F1xx_HAL_Driver/Src/stm32f1xx_hal_rcc_ex.o
                              0x70a15 (size before relaxing)
 .debug_str     0x00072e89      0x6ab Drivers/STM32F1xx_HAL_Driver/Src/stm32f1xx_hal_spi.o
                              0x7112b (size before relaxing)
 .debug_str     0x00073534       0x3b Drivers/STM32F1xx_HAL_Driver/Src/stm32f1xx_hal_spi_ex.o
                              0x70c26 (size before relaxing)
 .debug_str     0x0007356f      0x67b Drivers/STM32F1xx_HAL_Driver/Src/stm32f1xx_hal_uart.o
                              0x7115d (size before relaxing)
 .debug_str     0x00073bea     0x113a Middlewares/Third_Party/FatFs/src/diskio.o
                              0x71961 (size before relaxing)
 .debug_str     0x00074d24      0xe45 Middlewares/Third_Party/FatFs/src/ff.o
                              0x72797 (size before relaxing)
 .debug_str     0x00075b69       0xa2 Middlewares/Third_Party/FatFs/src/ff_gen_drv.o
                              0x719b2 (size before relaxing)
 .debug_str     0x00075c0b      0x11c Src/Joystick.o
                              0x7109d (size before relaxing)
 .debug_str     0x00075d27       0x16 Src/Joystick_CFG.o
                              0x70d14 (size before relaxing)
 .debug_str     0x00075d3d      0x10e Src/SD.o
                              0x71c37 (size before relaxing)
 .debug_str     0x00075e4b       0x1d Src/fatfs.o
                              0x71a24 (size before relaxing)
 .debug_str     0x00075e68      0x260 Src/fatfs_sd.o
                              0x71051 (size before relaxing)
 .debug_str     0x000760c8       0xdf Src/main.o
                              0x72a6e (size before relaxing)
 .debug_str     0x000761a7       0x1b Src/stm32f1xx_hal_msp.o
                              0x720d7 (size before relaxing)
 .debug_str     0x000761c2       0xea Src/stm32f1xx_it.o
                              0x719b6 (size before relaxing)
 .debug_str     0x000762ac       0x69 Src/system_stm32f1xx.o
                              0x70900 (size before relaxing)
 .debug_str     0x00076315       0x51 Src/user_diskio.o
                              0x71a78 (size before relaxing)
 .debug_str     0x00076366       0x31 Startup/startup_stm32f103c8tx.o
                                 0x7b (size before relaxing)

.comment        0x00000000       0x4c
 .comment       0x00000000       0x4c Drivers/STM32F1xx_HAL_Driver/Src/stm32f1xx_hal.o
                                 0x4d (size before relaxing)
 .comment       0x0000004c       0x4d Drivers/STM32F1xx_HAL_Driver/Src/stm32f1xx_hal_adc.o
 .comment       0x0000004c       0x4d Drivers/STM32F1xx_HAL_Driver/Src/stm32f1xx_hal_adc_ex.o
 .comment       0x0000004c       0x4d Drivers/STM32F1xx_HAL_Driver/Src/stm32f1xx_hal_cortex.o
 .comment       0x0000004c       0x4d Drivers/STM32F1xx_HAL_Driver/Src/stm32f1xx_hal_dma.o
 .comment       0x0000004c       0x4d Drivers/STM32F1xx_HAL_Driver/Src/stm32f1xx_hal_gpio.o
 .comment       0x0000004c       0x4d Drivers/STM32F1xx_HAL_Driver/Src/stm32f1xx_hal_i2c.o
 .comment       0x0000004c       0x4d Drivers/STM32F1xx_HAL_Driver/Src/stm32f1xx_hal_rcc.o
 .comment       0x0000004c       0x4d Drivers/STM32F1xx_HAL_Driver/Src/stm32f1xx_hal_rcc_ex.o
 .comment       0x0000004c       0x4d Drivers/STM32F1xx_HAL_Driver/Src/stm32f1xx_hal_spi.o
 .comment       0x0000004c       0x4d Drivers/STM32F1xx_HAL_Driver/Src/stm32f1xx_hal_spi_ex.o
 .comment       0x0000004c       0x4d Drivers/STM32F1xx_HAL_Driver/Src/stm32f1xx_hal_uart.o
 .comment       0x0000004c       0x4d Middlewares/Third_Party/FatFs/src/diskio.o
 .comment       0x0000004c       0x4d Middlewares/Third_Party/FatFs/src/ff.o
 .comment       0x0000004c       0x4d Middlewares/Third_Party/FatFs/src/ff_gen_drv.o
 .comment       0x0000004c       0x4d Src/Joystick.o
 .comment       0x0000004c       0x4d Src/Joystick_CFG.o
 .comment       0x0000004c       0x4d Src/SD.o
 .comment       0x0000004c       0x4d Src/fatfs.o
 .comment       0x0000004c       0x4d Src/fatfs_sd.o
 .comment       0x0000004c       0x4d Src/main.o
 .comment       0x0000004c       0x4d Src/stm32f1xx_hal_msp.o
 .comment       0x0000004c       0x4d Src/stm32f1xx_it.o
 .comment       0x0000004c       0x4d Src/system_stm32f1xx.o
 .comment       0x0000004c       0x4d Src/user_diskio.o

.debug_frame    0x00000000     0x4318
 .debug_frame   0x00000000      0x2fc Drivers/STM32F1xx_HAL_Driver/Src/stm32f1xx_hal.o
 .debug_frame   0x000002fc      0x40c Drivers/STM32F1xx_HAL_Driver/Src/stm32f1xx_hal_adc.o
 .debug_frame   0x00000708      0x204 Drivers/STM32F1xx_HAL_Driver/Src/stm32f1xx_hal_adc_ex.o
 .debug_frame   0x0000090c      0x428 Drivers/STM32F1xx_HAL_Driver/Src/stm32f1xx_hal_cortex.o
 .debug_frame   0x00000d34      0x208 Drivers/STM32F1xx_HAL_Driver/Src/stm32f1xx_hal_dma.o
 .debug_frame   0x00000f3c      0x14c Drivers/STM32F1xx_HAL_Driver/Src/stm32f1xx_hal_gpio.o
 .debug_frame   0x00001088      0xb34 Drivers/STM32F1xx_HAL_Driver/Src/stm32f1xx_hal_i2c.o
 .debug_frame   0x00001bbc      0x21c Drivers/STM32F1xx_HAL_Driver/Src/stm32f1xx_hal_rcc.o
 .debug_frame   0x00001dd8       0x84 Drivers/STM32F1xx_HAL_Driver/Src/stm32f1xx_hal_rcc_ex.o
 .debug_frame   0x00001e5c      0x824 Drivers/STM32F1xx_HAL_Driver/Src/stm32f1xx_hal_spi.o
 .debug_frame   0x00002680       0x34 Drivers/STM32F1xx_HAL_Driver/Src/stm32f1xx_hal_spi_ex.o
 .debug_frame   0x000026b4      0x83c Drivers/STM32F1xx_HAL_Driver/Src/stm32f1xx_hal_uart.o
 .debug_frame   0x00002ef0       0xec Middlewares/Third_Party/FatFs/src/diskio.o
 .debug_frame   0x00002fdc      0x9b0 Middlewares/Third_Party/FatFs/src/ff.o
 .debug_frame   0x0000398c       0xc8 Middlewares/Third_Party/FatFs/src/ff_gen_drv.o
 .debug_frame   0x00003a54       0x58 Src/Joystick.o
 .debug_frame   0x00003aac       0xa0 Src/SD.o
 .debug_frame   0x00003b4c       0x4c Src/fatfs.o
 .debug_frame   0x00003b98      0x268 Src/fatfs_sd.o
 .debug_frame   0x00003e00      0x110 Src/main.o
 .debug_frame   0x00003f10      0x158 Src/stm32f1xx_hal_msp.o
 .debug_frame   0x00004068      0x148 Src/stm32f1xx_it.o
 .debug_frame   0x000041b0       0x58 Src/system_stm32f1xx.o
 .debug_frame   0x00004208       0xc4 Src/user_diskio.o
 .debug_frame   0x000042cc       0x2c c:/st/stm32cubeide_1.5.0/stm32cubeide/plugins/com.st.stm32cube.ide.mcu.externaltools.gnu-arm-embedded.9-2020-q2-update.win32_1.5.0.202011040924/tools/bin/../lib/gcc/arm-none-eabi/9.3.1/../../../../arm-none-eabi/lib/thumb/v7-m/nofp\libc_nano.a(lib_a-init.o)
 .debug_frame   0x000042f8       0x20 c:/st/stm32cubeide_1.5.0/stm32cubeide/plugins/com.st.stm32cube.ide.mcu.externaltools.gnu-arm-embedded.9-2020-q2-update.win32_1.5.0.202011040924/tools/bin/../lib/gcc/arm-none-eabi/9.3.1/../../../../arm-none-eabi/lib/thumb/v7-m/nofp\libc_nano.a(lib_a-memset.o)
