Archive member included to satisfy reference by file (symbol)

c:/st/stm32cubeide_1.5.0/stm32cubeide/plugins/com.st.stm32cube.ide.mcu.externaltools.gnu-arm-embedded.9-2020-q2-update.win32_1.5.0.202011040924/tools/bin/../lib/gcc/arm-none-eabi/9.3.1/../../../../arm-none-eabi/lib/thumb/v7-m/nofp\libc_nano.a(lib_a-errno.o)
                              Src/syscalls.o (__errno)
c:/st/stm32cubeide_1.5.0/stm32cubeide/plugins/com.st.stm32cube.ide.mcu.externaltools.gnu-arm-embedded.9-2020-q2-update.win32_1.5.0.202011040924/tools/bin/../lib/gcc/arm-none-eabi/9.3.1/../../../../arm-none-eabi/lib/thumb/v7-m/nofp\libc_nano.a(lib_a-exit.o)
                              c:/st/stm32cubeide_1.5.0/stm32cubeide/plugins/com.st.stm32cube.ide.mcu.externaltools.gnu-arm-embedded.9-2020-q2-update.win32_1.5.0.202011040924/tools/bin/../lib/gcc/arm-none-eabi/9.3.1/../../../../arm-none-eabi/lib/thumb/v7-m/nofp/crt0.o (exit)
c:/st/stm32cubeide_1.5.0/stm32cubeide/plugins/com.st.stm32cube.ide.mcu.externaltools.gnu-arm-embedded.9-2020-q2-update.win32_1.5.0.202011040924/tools/bin/../lib/gcc/arm-none-eabi/9.3.1/../../../../arm-none-eabi/lib/thumb/v7-m/nofp\libc_nano.a(lib_a-impure.o)
                              c:/st/stm32cubeide_1.5.0/stm32cubeide/plugins/com.st.stm32cube.ide.mcu.externaltools.gnu-arm-embedded.9-2020-q2-update.win32_1.5.0.202011040924/tools/bin/../lib/gcc/arm-none-eabi/9.3.1/../../../../arm-none-eabi/lib/thumb/v7-m/nofp\libc_nano.a(lib_a-exit.o) (_global_impure_ptr)
c:/st/stm32cubeide_1.5.0/stm32cubeide/plugins/com.st.stm32cube.ide.mcu.externaltools.gnu-arm-embedded.9-2020-q2-update.win32_1.5.0.202011040924/tools/bin/../lib/gcc/arm-none-eabi/9.3.1/../../../../arm-none-eabi/lib/thumb/v7-m/nofp\libc_nano.a(lib_a-init.o)
                              c:/st/stm32cubeide_1.5.0/stm32cubeide/plugins/com.st.stm32cube.ide.mcu.externaltools.gnu-arm-embedded.9-2020-q2-update.win32_1.5.0.202011040924/tools/bin/../lib/gcc/arm-none-eabi/9.3.1/../../../../arm-none-eabi/lib/thumb/v7-m/nofp/crt0.o (__libc_init_array)
c:/st/stm32cubeide_1.5.0/stm32cubeide/plugins/com.st.stm32cube.ide.mcu.externaltools.gnu-arm-embedded.9-2020-q2-update.win32_1.5.0.202011040924/tools/bin/../lib/gcc/arm-none-eabi/9.3.1/../../../../arm-none-eabi/lib/thumb/v7-m/nofp\libc_nano.a(lib_a-memset.o)
                              c:/st/stm32cubeide_1.5.0/stm32cubeide/plugins/com.st.stm32cube.ide.mcu.externaltools.gnu-arm-embedded.9-2020-q2-update.win32_1.5.0.202011040924/tools/bin/../lib/gcc/arm-none-eabi/9.3.1/../../../../arm-none-eabi/lib/thumb/v7-m/nofp/crt0.o (memset)

Allocating common symbols
Common symbol       size              file

fre_clust           0x4               Src/main.o
USERPath            0x4               Src/fatfs.o
fileInfo            0x20              Src/main.o
fs                  0x1030            Src/main.o
hi2c1               0x54              Src/main.o
fileResult          0x1               Src/main.o
uwTick              0x4               Drivers/STM32F1xx_HAL_Driver/Src/stm32f1xx_hal.o
br                  0x4               Src/main.o
pFlash              0x20              Drivers/STM32F1xx_HAL_Driver/Src/stm32f1xx_hal_flash.o
file                0x102c            Src/main.o
hadc1               0x30              Src/main.o
free_space          0x4               Src/main.o
huart1              0x40              Src/main.o
hdma_adc1           0x44              Src/main.o
retUSER             0x1               Src/fatfs.o
bw                  0x4               Src/main.o
Timer2              0x1               Src/stm32f1xx_it.o
pfs                 0x4               Src/main.o
hspi1               0x58              Src/main.o
total               0x4               Src/main.o
Timer1              0x1               Src/stm32f1xx_it.o
USERFile            0x102c            Src/fatfs.o
USERFatFS           0x1030            Src/fatfs.o

Discarded input sections

 .text          0x00000000        0x0 c:/st/stm32cubeide_1.5.0/stm32cubeide/plugins/com.st.stm32cube.ide.mcu.externaltools.gnu-arm-embedded.9-2020-q2-update.win32_1.5.0.202011040924/tools/bin/../lib/gcc/arm-none-eabi/9.3.1/thumb/v7-m/nofp/crti.o
 .data          0x00000000        0x0 c:/st/stm32cubeide_1.5.0/stm32cubeide/plugins/com.st.stm32cube.ide.mcu.externaltools.gnu-arm-embedded.9-2020-q2-update.win32_1.5.0.202011040924/tools/bin/../lib/gcc/arm-none-eabi/9.3.1/thumb/v7-m/nofp/crti.o
 .bss           0x00000000        0x0 c:/st/stm32cubeide_1.5.0/stm32cubeide/plugins/com.st.stm32cube.ide.mcu.externaltools.gnu-arm-embedded.9-2020-q2-update.win32_1.5.0.202011040924/tools/bin/../lib/gcc/arm-none-eabi/9.3.1/thumb/v7-m/nofp/crti.o
 .data          0x00000000        0x4 c:/st/stm32cubeide_1.5.0/stm32cubeide/plugins/com.st.stm32cube.ide.mcu.externaltools.gnu-arm-embedded.9-2020-q2-update.win32_1.5.0.202011040924/tools/bin/../lib/gcc/arm-none-eabi/9.3.1/thumb/v7-m/nofp/crtbegin.o
[...]
Memory Configuration

Name             Origin             Length             Attributes
RAM              0x20000000         0x00005000         xrw
FLASH            0x08000000         0x00010000         xr
*default*        0x00000000         0xffffffff

Linker script and memory map

LOAD c:/st/stm32cubeide_1.5.0/stm32cubeide/plugins/com.st.stm32cube.ide.mcu.externaltools.gnu-arm-embedded.9-2020-q2-update.win32_1.5.0.202011040924/tools/bin/../lib/gcc/arm-none-eabi/9.3.1/thumb/v7-m/nofp/crti.o
LOAD c:/st/stm32cubeide_1.5.0/stm32cubeide/plugins/com.st.stm32cube.ide.mcu.externaltools.gnu-arm-embedded.9-2020-q2-update.win32_1.5.0.202011040924/tools/bin/../lib/gcc/arm-none-eabi/9.3.1/thumb/v7-m/nofp/crtbegin.o
LOAD c:/st/stm32cubeide_1.5.0/stm32cubeide/plugins/com.st.stm32cube.ide.mcu.externaltools.gnu-arm-embedded.9-2020-q2-update.win32_1.5.0.202011040924/tools/bin/../lib/gcc/arm-none-eabi/9.3.1/../../../../arm-none-eabi/lib/thumb/v7-m/nofp/crt0.o
LOAD Drivers/STM32F1xx_HAL_Driver/Src/stm32f1xx_hal.o
LOAD Drivers/STM32F1xx_HAL_Driver/Src/stm32f1xx_hal_adc.o
LOAD Drivers/STM32F1xx_HAL_Driver/Src/stm32f1xx_hal_adc_ex.o
LOAD Drivers/STM32F1xx_HAL_Driver/Src/stm32f1xx_hal_cortex.o
LOAD Drivers/STM32F1xx_HAL_Driver/Src/stm32f1xx_hal_dma.o
LOAD Drivers/STM32F1xx_HAL_Driver/Src/stm32f1xx_hal_flash.o
LOAD Drivers/STM32F1xx_HAL_Driver/Src/stm32f1xx_hal_flash_ex.o
LOAD Drivers/STM32F1xx_HAL_Driver/Src/stm32f1xx_hal_gpio.o
LOAD Drivers/STM32F1xx_HAL_Driver/Src/stm32f1xx_hal_gpio_ex.o
LOAD Drivers/STM32F1xx_HAL_Driver/Src/stm32f1xx_hal_i2c.o
LOAD Drivers/STM32F1xx_HAL_Driver/Src/stm32f1xx_hal_pwr.o
LOAD Drivers/STM32F1xx_HAL_Driver/Src/stm32f1xx_hal_rcc.o
LOAD Drivers/STM32F1xx_HAL_Driver/Src/stm32f1xx_hal_rcc_ex.o
LOAD Drivers/STM32F1xx_HAL_Driver/Src/stm32f1xx_hal_spi.o
LOAD Drivers/STM32F1xx_HAL_Driver/Src/stm32f1xx_hal_spi_ex.o
LOAD Drivers/STM32F1xx_HAL_Driver/Src/stm32f1xx_hal_tim.o
LOAD Drivers/STM32F1xx_HAL_Driver/Src/stm32f1xx_hal_tim_ex.o
LOAD Drivers/STM32F1xx_HAL_Driver/Src/stm32f1xx_hal_uart.o
LOAD Middlewares/Third_Party/FatFs/src/diskio.o
LOAD Middlewares/Third_Party/FatFs/src/ff.o
LOAD Middlewares/Third_Party/FatFs/src/ff_gen_drv.o
LOAD Middlewares/Third_Party/FatFs/src/option/ccsbcs.o
LOAD Middlewares/Third_Party/FatFs/src/option/syscall.o
LOAD Src/Joystick.o
LOAD Src/Joystick_CFG.o
LOAD Src/fatfs.o
LOAD Src/fatfs_sd.o
LOAD Src/main.o
LOAD Src/stm32f1xx_hal_msp.o
LOAD Src/stm32f1xx_it.o
LOAD Src/syscalls.o
LOAD Src/sysmem.o
LOAD Src/system_stm32f1xx.o
LOAD Src/user_diskio.o
LOAD Startup/startup_stm32f103c8tx.o
START GROUP
LOAD c:/st/stm32cubeide_1.5.0/stm32cubeide/plugins/com.st.stm32cube.ide.mcu.externaltools.gnu-arm-embedded.9-2020-q2-update.win32_1.5.0.202011040924/tools/bin/../lib/gcc/arm-none-eabi/9.3.1/../../../../arm-none-eabi/lib/thumb/v7-m/nofp\libc_nano.a
LOAD c:/st/stm32cubeide_1.5.0/stm32cubeide/plugins/com.st.stm32cube.ide.mcu.externaltools.gnu-arm-embedded.9-2020-q2-update.win32_1.5.0.202011040924/tools/bin/../lib/gcc/arm-none-eabi/9.3.1/../../../../arm-none-eabi/lib/thumb/v7-m/nofp\libm.a
END GROUP
START GROUP
LOAD c:/st/stm32cubeide_1.5.0/stm32cubeide/plugins/com.st.stm32cube.ide.mcu.externaltools.gnu-arm-embedded.9-2020-q2-update.win32_1.5.0.202011040924/tools/bin/../lib/gcc/arm-none-eabi/9.3.1/thumb/v7-m/nofp\libgcc.a
LOAD c:/st/stm32cubeide_1.5.0/stm32cubeide/plugins/com.st.stm32cube.ide.mcu.externaltools.gnu-arm-embedded.9-2020-q2-update.win32_1.5.0.202011040924/tools/bin/../lib/gcc/arm-none-eabi/9.3.1/../../../../arm-none-eabi/lib/thumb/v7-m/nofp\libc_nano.a
END GROUP
START GROUP
LOAD c:/st/stm32cubeide_1.5.0/stm32cubeide/plugins/com.st.stm32cube.ide.mcu.externaltools.gnu-arm-embedded.9-2020-q2-update.win32_1.5.0.202011040924/tools/bin/../lib/gcc/arm-none-eabi/9.3.1/thumb/v7-m/nofp\libgcc.a
LOAD c:/st/stm32cubeide_1.5.0/stm32cubeide/plugins/com.st.stm32cube.ide.mcu.externaltools.gnu-arm-embedded.9-2020-q2-update.win32_1.5.0.202011040924/tools/bin/../lib/gcc/arm-none-eabi/9.3.1/../../../../arm-none-eabi/lib/thumb/v7-m/nofp\libc_nano.a
LOAD c:/st/stm32cubeide_1.5.0/stm32cubeide/plugins/com.st.stm32cube.ide.mcu.externaltools.gnu-arm-embedded.9-2020-q2-update.win32_1.5.0.202011040924/tools/bin/../lib/gcc/arm-none-eabi/9.3.1/../../../../arm-none-eabi/lib/thumb/v7-m/nofp\libnosys.a
END GROUP
START GROUP
LOAD c:/st/stm32cubeide_1.5.0/stm32cubeide/plugins/com.st.stm32cube.ide.mcu.externaltools.gnu-arm-embedded.9-2020-q2-update.win32_1.5.0.202011040924/tools/bin/../lib/gcc/arm-none-eabi/9.3.1/thumb/v7-m/nofp\libgcc.a
LOAD c:/st/stm32cubeide_1.5.0/stm32cubeide/plugins/com.st.stm32cube.ide.mcu.externaltools.gnu-arm-embedded.9-2020-q2-update.win32_1.5.0.202011040924/tools/bin/../lib/gcc/arm-none-eabi/9.3.1/../../../../arm-none-eabi/lib/thumb/v7-m/nofp\libc_nano.a
LOAD c:/st/stm32cubeide_1.5.0/stm32cubeide/plugins/com.st.stm32cube.ide.mcu.externaltools.gnu-arm-embedded.9-2020-q2-update.win32_1.5.0.202011040924/tools/bin/../lib/gcc/arm-none-eabi/9.3.1/../../../../arm-none-eabi/lib/thumb/v7-m/nofp\libnosys.a
END GROUP
LOAD c:/st/stm32cubeide_1.5.0/stm32cubeide/plugins/com.st.stm32cube.ide.mcu.externaltools.gnu-arm-embedded.9-2020-q2-update.win32_1.5.0.202011040924/tools/bin/../lib/gcc/arm-none-eabi/9.3.1/thumb/v7-m/nofp/crtend.o
LOAD c:/st/stm32cubeide_1.5.0/stm32cubeide/plugins/com.st.stm32cube.ide.mcu.externaltools.gnu-arm-embedded.9-2020-q2-update.win32_1.5.0.202011040924/tools/bin/../lib/gcc/arm-none-eabi/9.3.1/thumb/v7-m/nofp/crtn.o
                0x20005000                _estack = (ORIGIN (RAM) + LENGTH (RAM))
                0x00000200                _Min_Heap_Size = 0x200
                0x00000400                _Min_Stack_Size = 0x400

.isr_vector     0x08000000      0x10c
                0x08000000                . = ALIGN (0x4)
 *(.isr_vector)
 .isr_vector    0x08000000      0x10c Startup/startup_stm32f103c8tx.o
                0x08000000                g_pfnVectors
                0x0800010c                . = ALIGN (0x4)

.text           0x0800010c     0x3730
                0x0800010c                . = ALIGN (0x4)
 *(.text)
 .text          0x0800010c       0x40 c:/st/stm32cubeide_1.5.0/stm32cubeide/plugins/com.st.stm32cube.ide.mcu.externaltools.gnu-arm-embedded.9-2020-q2-update.win32_1.5.0.202011040924/tools/bin/../lib/gcc/arm-none-eabi/9.3.1/thumb/v7-m/nofp/crtbegin.o
 *(.text*)
 .text.HAL_Init
                0x0800014c       0x2c Drivers/STM32F1xx_HAL_Driver/Src/stm32f1xx_hal.o
                0x0800014c                HAL_Init
 .text.HAL_InitTick
                0x08000178       0x60 Drivers/STM32F1xx_HAL_Driver/Src/stm32f1xx_hal.o
                0x08000178                HAL_InitTick
 .text.HAL_IncTick
                0x080001d8       0x24 Drivers/STM32F1xx_HAL_Driver/Src/stm32f1xx_hal.o
                0x080001d8                HAL_IncTick
 .text.HAL_GetTick
                0x080001fc       0x14 Drivers/STM32F1xx_HAL_Driver/Src/stm32f1xx_hal.o
                0x080001fc                HAL_GetTick
 .text.HAL_ADC_Init
                0x08000210      0x1b0 Drivers/STM32F1xx_HAL_Driver/Src/stm32f1xx_hal_adc.o
                0x08000210                HAL_ADC_Init
 .text.HAL_ADC_ConfigChannel
                0x080003c0      0x1f0 Drivers/STM32F1xx_HAL_Driver/Src/stm32f1xx_hal_adc.o
                0x080003c0                HAL_ADC_ConfigChannel
 .text.ADC_ConversionStop_Disable
                0x080005b0       0x74 Drivers/STM32F1xx_HAL_Driver/Src/stm32f1xx_hal_adc.o
                0x080005b0                ADC_ConversionStop_Disable
 .text.NVIC_SetPriorityGrouping
                0x08000624       0x48 Drivers/STM32F1xx_HAL_Driver/Src/stm32f1xx_hal_cortex.o
 .text.NVIC_GetPriorityGrouping
                0x0800066c       0x1c Drivers/STM32F1xx_HAL_Driver/Src/stm32f1xx_hal_cortex.o
 .text.NVIC_EnableIRQ
                0x08000688       0x30 Drivers/STM32F1xx_HAL_Driver/Src/stm32f1xx_hal_cortex.o
 .text.NVIC_SetPriority
                0x080006b8       0x54 Drivers/STM32F1xx_HAL_Driver/Src/stm32f1xx_hal_cortex.o
 .text.NVIC_EncodePriority
                0x0800070c       0x64 Drivers/STM32F1xx_HAL_Driver/Src/stm32f1xx_hal_cortex.o
 .text.SysTick_Config
                0x08000770       0x44 Drivers/STM32F1xx_HAL_Driver/Src/stm32f1xx_hal_cortex.o
 .text.HAL_NVIC_SetPriorityGrouping
                0x080007b4       0x16 Drivers/STM32F1xx_HAL_Driver/Src/stm32f1xx_hal_cortex.o
                0x080007b4                HAL_NVIC_SetPriorityGrouping
 .text.HAL_NVIC_SetPriority
                0x080007ca       0x38 Drivers/STM32F1xx_HAL_Driver/Src/stm32f1xx_hal_cortex.o
                0x080007ca                HAL_NVIC_SetPriority
 .text.HAL_NVIC_EnableIRQ
                0x08000802       0x1c Drivers/STM32F1xx_HAL_Driver/Src/stm32f1xx_hal_cortex.o
                0x08000802                HAL_NVIC_EnableIRQ
 .text.HAL_SYSTICK_Config
                0x0800081e       0x18 Drivers/STM32F1xx_HAL_Driver/Src/stm32f1xx_hal_cortex.o
                0x0800081e                HAL_SYSTICK_Config
 *fill*         0x08000836        0x2 
 .text.HAL_DMA_Init
                0x08000838       0xb4 Drivers/STM32F1xx_HAL_Driver/Src/stm32f1xx_hal_dma.o
                0x08000838                HAL_DMA_Init
 .text.HAL_DMA_IRQHandler
                0x080008ec      0x20c Drivers/STM32F1xx_HAL_Driver/Src/stm32f1xx_hal_dma.o
                0x080008ec                HAL_DMA_IRQHandler
 .text.HAL_GPIO_Init
                0x08000af8      0x310 Drivers/STM32F1xx_HAL_Driver/Src/stm32f1xx_hal_gpio.o
                0x08000af8                HAL_GPIO_Init
 .text.HAL_GPIO_WritePin
                0x08000e08       0x30 Drivers/STM32F1xx_HAL_Driver/Src/stm32f1xx_hal_gpio.o
                0x08000e08                HAL_GPIO_WritePin
 .text.HAL_I2C_Init
                0x08000e38      0x220 Drivers/STM32F1xx_HAL_Driver/Src/stm32f1xx_hal_i2c.o
                0x08000e38                HAL_I2C_Init
 .text.HAL_RCC_OscConfig
                0x08001058      0x4c8 Drivers/STM32F1xx_HAL_Driver/Src/stm32f1xx_hal_rcc.o
                0x08001058                HAL_RCC_OscConfig
 .text.HAL_RCC_ClockConfig
                0x08001520      0x218 Drivers/STM32F1xx_HAL_Driver/Src/stm32f1xx_hal_rcc.o
                0x08001520                HAL_RCC_ClockConfig
 .text.HAL_RCC_GetSysClockFreq
                0x08001738       0xc0 Drivers/STM32F1xx_HAL_Driver/Src/stm32f1xx_hal_rcc.o
                0x08001738                HAL_RCC_GetSysClockFreq
 .text.HAL_RCC_GetHCLKFreq
                0x080017f8       0x14 Drivers/STM32F1xx_HAL_Driver/Src/stm32f1xx_hal_rcc.o
                0x080017f8                HAL_RCC_GetHCLKFreq
 .text.HAL_RCC_GetPCLK1Freq
                0x0800180c       0x28 Drivers/STM32F1xx_HAL_Driver/Src/stm32f1xx_hal_rcc.o
                0x0800180c                HAL_RCC_GetPCLK1Freq
 .text.HAL_RCC_GetPCLK2Freq
                0x08001834       0x28 Drivers/STM32F1xx_HAL_Driver/Src/stm32f1xx_hal_rcc.o
                0x08001834                HAL_RCC_GetPCLK2Freq
 .text.RCC_Delay
                0x0800185c       0x40 Drivers/STM32F1xx_HAL_Driver/Src/stm32f1xx_hal_rcc.o
 .text.HAL_RCCEx_PeriphCLKConfig
                0x0800189c      0x16c Drivers/STM32F1xx_HAL_Driver/Src/stm32f1xx_hal_rcc_ex.o
                0x0800189c                HAL_RCCEx_PeriphCLKConfig
 .text.HAL_SPI_Transmit
                0x08001a08      0x27a Drivers/STM32F1xx_HAL_Driver/Src/stm32f1xx_hal_spi.o
                0x08001a08                HAL_SPI_Transmit
 .text.HAL_SPI_TransmitReceive
                0x08001c82      0x340 Drivers/STM32F1xx_HAL_Driver/Src/stm32f1xx_hal_spi.o
                0x08001c82                HAL_SPI_TransmitReceive
 .text.HAL_SPI_GetState
                0x08001fc2       0x1a Drivers/STM32F1xx_HAL_Driver/Src/stm32f1xx_hal_spi.o
                0x08001fc2                HAL_SPI_GetState
 .text.SPI_WaitFlagStateUntilTimeout
                0x08001fdc       0xd2 Drivers/STM32F1xx_HAL_Driver/Src/stm32f1xx_hal_spi.o
 .text.SPI_CheckFlag_BSY
                0x080020ae       0x3c Drivers/STM32F1xx_HAL_Driver/Src/stm32f1xx_hal_spi.o
 .text.HAL_SPI_Init
                0x080020ea       0xca Drivers/STM32F1xx_HAL_Driver/Src/stm32f1xx_hal_spi_ex.o
                0x080020ea                HAL_SPI_Init
 .text.HAL_UART_Init
                0x080021b4       0x9a Drivers/STM32F1xx_HAL_Driver/Src/stm32f1xx_hal_uart.o
                0x080021b4                HAL_UART_Init
 *fill*         0x0800224e        0x2 
 .text.UART_SetConfig
                0x08002250      0x230 Drivers/STM32F1xx_HAL_Driver/Src/stm32f1xx_hal_uart.o
 .text.FATFS_LinkDriverEx
                0x08002480       0x94 Middlewares/Third_Party/FatFs/src/ff_gen_drv.o
                0x08002480                FATFS_LinkDriverEx
 .text.FATFS_LinkDriver
                0x08002514       0x1e Middlewares/Third_Party/FatFs/src/ff_gen_drv.o
                0x08002514                FATFS_LinkDriver
 *fill*         0x08002532        0x2 
 .text.MX_FATFS_Init
                0x08002534       0x24 Src/fatfs.o
                0x08002534                MX_FATFS_Init
 .text.SELECT   0x08002558       0x18 Src/fatfs_sd.o
 .text.DESELECT
                0x08002570       0x18 Src/fatfs_sd.o
 .text.SPI_TxByte
                0x08002588       0x34 Src/fatfs_sd.o
 .text.SPI_RxByte
                0x080025bc       0x3c Src/fatfs_sd.o
 .text.SPI_RxBytePtr
                0x080025f8       0x1c Src/fatfs_sd.o
 .text.SD_ReadyWait
                0x08002614       0x38 Src/fatfs_sd.o
 .text.SD_PowerOn
                0x0800264c       0x98 Src/fatfs_sd.o
 .text.SD_PowerOff
                0x080026e4       0x18 Src/fatfs_sd.o
 .text.SD_CheckPower
                0x080026fc       0x14 Src/fatfs_sd.o
 .text.SD_RxDataBlock
                0x08002710       0x6c Src/fatfs_sd.o
 .text.SD_TxDataBlock
                0x0800277c       0xa8 Src/fatfs_sd.o
 .text.SD_SendCmd
                0x08002824       0xa4 Src/fatfs_sd.o
 .text.SD_disk_initialize
                0x080028c8      0x1d4 Src/fatfs_sd.o
                0x080028c8                SD_disk_initialize
 .text.SD_disk_status
                0x08002a9c       0x28 Src/fatfs_sd.o
                0x08002a9c                SD_disk_status
 .text.SD_disk_read
                0x08002ac4       0xd4 Src/fatfs_sd.o
                0x08002ac4                SD_disk_read
 .text.SD_disk_write
                0x08002b98      0x108 Src/fatfs_sd.o
                0x08002b98                SD_disk_write
 .text.SD_disk_ioctl
                0x08002ca0      0x264 Src/fatfs_sd.o
                0x08002ca0                SD_disk_ioctl
 .text.main     0x08002f04       0x2a Src/main.o
                0x08002f04                main
 .text.SystemClock_Config
                0x08002f2e       0xb6 Src/main.o
                0x08002f2e                SystemClock_Config
 .text.MX_ADC1_Init
                0x08002fe4       0x9c Src/main.o
 .text.MX_I2C1_Init
                0x08003080       0x5c Src/main.o
 .text.MX_SPI1_Init
                0x080030dc       0x6c Src/main.o
 .text.MX_USART1_UART_Init
                0x08003148       0x54 Src/main.o
 .text.MX_DMA_Init
                0x0800319c       0x3c Src/main.o
 .text.MX_GPIO_Init
                0x080031d8       0xc8 Src/main.o
 .text.Error_Handler
                0x080032a0        0xc Src/main.o
                0x080032a0                Error_Handler
 .text.HAL_MspInit
                0x080032ac       0x64 Src/stm32f1xx_hal_msp.o
                0x080032ac                HAL_MspInit
 .text.HAL_ADC_MspInit
                0x08003310       0xd0 Src/stm32f1xx_hal_msp.o
                0x08003310                HAL_ADC_MspInit
 .text.HAL_I2C_MspInit
                0x080033e0       0x7c Src/stm32f1xx_hal_msp.o
                0x080033e0                HAL_I2C_MspInit
 .text.HAL_SPI_MspInit
                0x0800345c       0x94 Src/stm32f1xx_hal_msp.o
                0x0800345c                HAL_SPI_MspInit
 .text.HAL_UART_MspInit
                0x080034f0       0x98 Src/stm32f1xx_hal_msp.o
                0x080034f0                HAL_UART_MspInit
 .text.SDTimer_Handler
                0x08003588       0x44 Src/stm32f1xx_it.o
                0x08003588                SDTimer_Handler
 .text.NMI_Handler
                0x080035cc        0xc Src/stm32f1xx_it.o
                0x080035cc                NMI_Handler
 .text.HardFault_Handler
                0x080035d8        0x6 Src/stm32f1xx_it.o
                0x080035d8                HardFault_Handler
 .text.MemManage_Handler
                0x080035de        0x6 Src/stm32f1xx_it.o
                0x080035de                MemManage_Handler
 .text.BusFault_Handler
                0x080035e4        0x6 Src/stm32f1xx_it.o
                0x080035e4                BusFault_Handler
 .text.UsageFault_Handler
                0x080035ea        0x6 Src/stm32f1xx_it.o
                0x080035ea                UsageFault_Handler
 .text.SVC_Handler
                0x080035f0        0xc Src/stm32f1xx_it.o
                0x080035f0                SVC_Handler
 .text.DebugMon_Handler
                0x080035fc        0xc Src/stm32f1xx_it.o
                0x080035fc                DebugMon_Handler
 .text.PendSV_Handler
                0x08003608        0xc Src/stm32f1xx_it.o
                0x08003608                PendSV_Handler
 .text.SysTick_Handler
                0x08003614       0x34 Src/stm32f1xx_it.o
                0x08003614                SysTick_Handler
 .text.DMA1_Channel1_IRQHandler
                0x08003648       0x14 Src/stm32f1xx_it.o
                0x08003648                DMA1_Channel1_IRQHandler
 .text.SystemInit
                0x0800365c       0x68 Src/system_stm32f1xx.o
                0x0800365c                SystemInit
 .text.USER_initialize
                0x080036c4       0x2c Src/user_diskio.o
                0x080036c4                USER_initialize
 .text.USER_status
                0x080036f0       0x1c Src/user_diskio.o
                0x080036f0                USER_status
 .text.USER_read
                0x0800370c       0x26 Src/user_diskio.o
                0x0800370c                USER_read
 .text.USER_write
                0x08003732       0x26 Src/user_diskio.o
                0x08003732                USER_write
 .text.USER_ioctl
                0x08003758       0x26 Src/user_diskio.o
                0x08003758                USER_ioctl
 *fill*         0x0800377e        0x2 
 .text.Reset_Handler
                0x08003780       0x48 Startup/startup_stm32f103c8tx.o
                0x08003780                Reset_Handler
 .text.Default_Handler
                0x080037c8        0x2 Startup/startup_stm32f103c8tx.o
                0x080037c8                RTC_Alarm_IRQHandler
                0x080037c8                EXTI2_IRQHandler
                0x080037c8                TIM1_CC_IRQHandler
                0x080037c8                PVD_IRQHandler
                0x080037c8                EXTI3_IRQHandler
                0x080037c8                EXTI0_IRQHandler
                0x080037c8                I2C2_EV_IRQHandler
                0x080037c8                ADC1_2_IRQHandler
                0x080037c8                SPI1_IRQHandler
                0x080037c8                TAMPER_IRQHandler
                0x080037c8                DMA1_Channel4_IRQHandler
                0x080037c8                USART3_IRQHandler
                0x080037c8                RTC_IRQHandler
                0x080037c8                DMA1_Channel7_IRQHandler
                0x080037c8                CAN1_RX1_IRQHandler
                0x080037c8                TIM4_IRQHandler
                0x080037c8                I2C1_EV_IRQHandler
                0x080037c8                DMA1_Channel6_IRQHandler
                0x080037c8                TIM3_IRQHandler
                0x080037c8                RCC_IRQHandler
                0x080037c8                TIM1_TRG_COM_IRQHandler
                0x080037c8                Default_Handler
                0x080037c8                EXTI15_10_IRQHandler
                0x080037c8                EXTI9_5_IRQHandler
                0x080037c8                SPI2_IRQHandler
                0x080037c8                DMA1_Channel5_IRQHandler
                0x080037c8                EXTI4_IRQHandler
                0x080037c8                USB_LP_CAN1_RX0_IRQHandler
                0x080037c8                USB_HP_CAN1_TX_IRQHandler
                0x080037c8                DMA1_Channel3_IRQHandler
                0x080037c8                TIM1_UP_IRQHandler
                0x080037c8                WWDG_IRQHandler
                0x080037c8                TIM2_IRQHandler
                0x080037c8                TIM1_BRK_IRQHandler
                0x080037c8                EXTI1_IRQHandler
                0x080037c8                USART2_IRQHandler
                0x080037c8                I2C2_ER_IRQHandler
                0x080037c8                DMA1_Channel2_IRQHandler
                0x080037c8                CAN1_SCE_IRQHandler
                0x080037c8                FLASH_IRQHandler
                0x080037c8                USART1_IRQHandler
                0x080037c8                I2C1_ER_IRQHandler
                0x080037c8                USBWakeUp_IRQHandler
 *fill*         0x080037ca        0x2 
 .text.__libc_init_array
                0x080037cc       0x48 c:/st/stm32cubeide_1.5.0/stm32cubeide/plugins/com.st.stm32cube.ide.mcu.externaltools.gnu-arm-embedded.9-2020-q2-update.win32_1.5.0.202011040924/tools/bin/../lib/gcc/arm-none-eabi/9.3.1/../../../../arm-none-eabi/lib/thumb/v7-m/nofp\libc_nano.a(lib_a-init.o)
                0x080037cc                __libc_init_array
 .text.memset   0x08003814       0x10 c:/st/stm32cubeide_1.5.0/stm32cubeide/plugins/com.st.stm32cube.ide.mcu.externaltools.gnu-arm-embedded.9-2020-q2-update.win32_1.5.0.202011040924/tools/bin/../lib/gcc/arm-none-eabi/9.3.1/../../../../arm-none-eabi/lib/thumb/v7-m/nofp\libc_nano.a(lib_a-memset.o)
                0x08003814                memset
 *(.glue_7)
 .glue_7        0x08003824        0x0 linker stubs
 *(.glue_7t)
 .glue_7t       0x08003824        0x0 linker stubs
 *(.eh_frame)
 .eh_frame      0x08003824        0x0 c:/st/stm32cubeide_1.5.0/stm32cubeide/plugins/com.st.stm32cube.ide.mcu.externaltools.gnu-arm-embedded.9-2020-q2-update.win32_1.5.0.202011040924/tools/bin/../lib/gcc/arm-none-eabi/9.3.1/thumb/v7-m/nofp/crtbegin.o
 *(.init)
 .init          0x08003824        0x4 c:/st/stm32cubeide_1.5.0/stm32cubeide/plugins/com.st.stm32cube.ide.mcu.externaltools.gnu-arm-embedded.9-2020-q2-update.win32_1.5.0.202011040924/tools/bin/../lib/gcc/arm-none-eabi/9.3.1/thumb/v7-m/nofp/crti.o
                0x08003824                _init
 .init          0x08003828        0x8 c:/st/stm32cubeide_1.5.0/stm32cubeide/plugins/com.st.stm32cube.ide.mcu.externaltools.gnu-arm-embedded.9-2020-q2-update.win32_1.5.0.202011040924/tools/bin/../lib/gcc/arm-none-eabi/9.3.1/thumb/v7-m/nofp/crtn.o
 *(.fini)
 .fini          0x08003830        0x4 c:/st/stm32cubeide_1.5.0/stm32cubeide/plugins/com.st.stm32cube.ide.mcu.externaltools.gnu-arm-embedded.9-2020-q2-update.win32_1.5.0.202011040924/tools/bin/../lib/gcc/arm-none-eabi/9.3.1/thumb/v7-m/nofp/crti.o
                0x08003830                _fini
 .fini          0x08003834        0x8 c:/st/stm32cubeide_1.5.0/stm32cubeide/plugins/com.st.stm32cube.ide.mcu.externaltools.gnu-arm-embedded.9-2020-q2-update.win32_1.5.0.202011040924/tools/bin/../lib/gcc/arm-none-eabi/9.3.1/thumb/v7-m/nofp/crtn.o
                0x0800383c                . = ALIGN (0x4)
                0x0800383c                _etext = .

.vfp11_veneer   0x0800383c        0x0
 .vfp11_veneer  0x0800383c        0x0 linker stubs

.v4_bx          0x0800383c        0x0
 .v4_bx         0x0800383c        0x0 linker stubs

.iplt           0x0800383c        0x0
 .iplt          0x0800383c        0x0 c:/st/stm32cubeide_1.5.0/stm32cubeide/plugins/com.st.stm32cube.ide.mcu.externaltools.gnu-arm-embedded.9-2020-q2-update.win32_1.5.0.202011040924/tools/bin/../lib/gcc/arm-none-eabi/9.3.1/thumb/v7-m/nofp/crtbegin.o

.rodata         0x0800383c       0x28
                0x0800383c                . = ALIGN (0x4)
 *(.rodata)
 .rodata        0x0800383c       0x10 Drivers/STM32F1xx_HAL_Driver/Src/stm32f1xx_hal_rcc.o
 *(.rodata*)
 .rodata.AHBPrescTable
                0x0800384c       0x10 Src/system_stm32f1xx.o
                0x0800384c                AHBPrescTable
 .rodata.APBPrescTable
                0x0800385c        0x8 Src/system_stm32f1xx.o
                0x0800385c                APBPrescTable
                0x08003864                . = ALIGN (0x4)

.rel.dyn        0x08003864        0x0
 .rel.iplt      0x08003864        0x0 c:/st/stm32cubeide_1.5.0/stm32cubeide/plugins/com.st.stm32cube.ide.mcu.externaltools.gnu-arm-embedded.9-2020-q2-update.win32_1.5.0.202011040924/tools/bin/../lib/gcc/arm-none-eabi/9.3.1/thumb/v7-m/nofp/crtbegin.o

.ARM.extab      0x08003864        0x0
                0x08003864                . = ALIGN (0x4)
 *(.ARM.extab* .gnu.linkonce.armextab.*)
                0x08003864                . = ALIGN (0x4)

.ARM            0x08003864        0x0
                0x08003864                . = ALIGN (0x4)
                0x08003864                __exidx_start = .
 *(.ARM.exidx*)
                0x08003864                __exidx_end = .
                0x08003864                . = ALIGN (0x4)

.preinit_array  0x08003864        0x0
                0x08003864                . = ALIGN (0x4)
                0x08003864                PROVIDE (__preinit_array_start = .)
 *(.preinit_array*)
                0x08003864                PROVIDE (__preinit_array_end = .)
                0x08003864                . = ALIGN (0x4)

.init_array     0x08003864        0x4
                0x08003864                . = ALIGN (0x4)
                0x08003864                PROVIDE (__init_array_start = .)
 *(SORT_BY_NAME(.init_array.*))
 *(.init_array*)
 .init_array    0x08003864        0x4 c:/st/stm32cubeide_1.5.0/stm32cubeide/plugins/com.st.stm32cube.ide.mcu.externaltools.gnu-arm-embedded.9-2020-q2-update.win32_1.5.0.202011040924/tools/bin/../lib/gcc/arm-none-eabi/9.3.1/thumb/v7-m/nofp/crtbegin.o
                0x08003868                PROVIDE (__init_array_end = .)
                0x08003868                . = ALIGN (0x4)

.fini_array     0x08003868        0x4
                0x08003868                . = ALIGN (0x4)
                [!provide]                PROVIDE (__fini_array_start = .)
 *(SORT_BY_NAME(.fini_array.*))
 *(.fini_array*)
 .fini_array    0x08003868        0x4 c:/st/stm32cubeide_1.5.0/stm32cubeide/plugins/com.st.stm32cube.ide.mcu.externaltools.gnu-arm-embedded.9-2020-q2-update.win32_1.5.0.202011040924/tools/bin/../lib/gcc/arm-none-eabi/9.3.1/thumb/v7-m/nofp/crtbegin.o
                [!provide]                PROVIDE (__fini_array_end = .)
                0x0800386c                . = ALIGN (0x4)
                0x0800386c                _sidata = LOADADDR (.data)

.data           0x20000000       0x24 load address 0x0800386c
                0x20000000                . = ALIGN (0x4)
                0x20000000                _sdata = .
 *(.data)
 *(.data*)
 .data.uwTickPrio
                0x20000000        0x4 Drivers/STM32F1xx_HAL_Driver/Src/stm32f1xx_hal.o
                0x20000000                uwTickPrio
 .data.uwTickFreq
                0x20000004        0x1 Drivers/STM32F1xx_HAL_Driver/Src/stm32f1xx_hal.o
                0x20000004                uwTickFreq
 .data.Stat     0x20000005        0x1 Src/fatfs_sd.o
 *fill*         0x20000006        0x2 
 .data.SystemCoreClock
                0x20000008        0x4 Src/system_stm32f1xx.o
                0x20000008                SystemCoreClock
 .data.Stat     0x2000000c        0x1 Src/user_diskio.o
 *fill*         0x2000000d        0x3 
 .data.USER_Driver
                0x20000010       0x14 Src/user_diskio.o
                0x20000010                USER_Driver
                0x20000024                . = ALIGN (0x4)
                0x20000024                _edata = .

.igot.plt       0x20000024        0x0 load address 0x08003890
 .igot.plt      0x20000024        0x0 c:/st/stm32cubeide_1.5.0/stm32cubeide/plugins/com.st.stm32cube.ide.mcu.externaltools.gnu-arm-embedded.9-2020-q2-update.win32_1.5.0.202011040924/tools/bin/../lib/gcc/arm-none-eabi/9.3.1/thumb/v7-m/nofp/crtbegin.o
                0x20000024                . = ALIGN (0x4)

.bss            0x20000024     0x4290 load address 0x08003890
                0x20000024                _sbss = .
                0x20000024                __bss_start__ = _sbss
 *(.bss)
 .bss           0x20000024       0x1c c:/st/stm32cubeide_1.5.0/stm32cubeide/plugins/com.st.stm32cube.ide.mcu.externaltools.gnu-arm-embedded.9-2020-q2-update.win32_1.5.0.202011040924/tools/bin/../lib/gcc/arm-none-eabi/9.3.1/thumb/v7-m/nofp/crtbegin.o
 *(.bss*)
 .bss.disk      0x20000040        0xc Middlewares/Third_Party/FatFs/src/ff_gen_drv.o
                0x20000040                disk
 .bss.CardType  0x2000004c        0x1 Src/fatfs_sd.o
 .bss.PowerFlag
                0x2000004d        0x1 Src/fatfs_sd.o
 .bss.FatFsCnt  0x2000004e        0x1 Src/stm32f1xx_it.o
                0x2000004e                FatFsCnt
 *(COMMON)
 *fill*         0x2000004f        0x1 
 COMMON         0x20000050        0x4 Drivers/STM32F1xx_HAL_Driver/Src/stm32f1xx_hal.o
                0x20000050                uwTick
 COMMON         0x20000054     0x2064 Src/fatfs.o
                0x20000054                USERPath
                0x20000058                retUSER
                0x2000005c                USERFile
                0x20001088                USERFatFS
 COMMON         0x200020b8     0x21f8 Src/main.o
                0x200020b8                fre_clust
                0x200020bc                fileInfo
                0x200020dc                fs
                0x2000310c                hi2c1
                0x20003160                fileResult
                0x20003164                br
                0x20003168                file
                0x20004194                hadc1
                0x200041c4                free_space
                0x200041c8                huart1
                0x20004208                hdma_adc1
                0x2000424c                bw
                0x20004250                pfs
                0x20004254                hspi1
                0x200042ac                total
 COMMON         0x200042b0        0x2 Src/stm32f1xx_it.o
                0x200042b0                Timer2
                0x200042b1                Timer1
                0x200042b4                . = ALIGN (0x4)
 *fill*         0x200042b2        0x2 
                0x200042b4                _ebss = .
                0x200042b4                __bss_end__ = _ebss

._user_heap_stack
                0x200042b4      0x604 load address 0x08003890
                0x200042b8                . = ALIGN (0x8)
 *fill*         0x200042b4        0x4 
                [!provide]                PROVIDE (end = .)
                0x200042b8                PROVIDE (_end = .)
                0x200044b8                . = (. + _Min_Heap_Size)
 *fill*         0x200042b8      0x200 
                0x200048b8                . = (. + _Min_Stack_Size)
 *fill*         0x200044b8      0x400 
                0x200048b8                . = ALIGN (0x8)

/DISCARD/
 libc.a(*)
 libm.a(*)
 libgcc.a(*)

.ARM.attributes
                0x00000000       0x29
 *(.ARM.attributes)
 .ARM.attributes
                0x00000000       0x1d c:/st/stm32cubeide_1.5.0/stm32cubeide/plugins/com.st.stm32cube.ide.mcu.externaltools.gnu-arm-embedded.9-2020-q2-update.win32_1.5.0.202011040924/tools/bin/../lib/gcc/arm-none-eabi/9.3.1/thumb/v7-m/nofp/crti.o
 .ARM.attributes
                0x0000001d       0x2d c:/st/stm32cubeide_1.5.0/stm32cubeide/plugins/com.st.stm32cube.ide.mcu.externaltools.gnu-arm-embedded.9-2020-q2-update.win32_1.5.0.202011040924/tools/bin/../lib/gcc/arm-none-eabi/9.3.1/thumb/v7-m/nofp/crtbegin.o
 .ARM.attributes
                0x0000004a       0x2d Drivers/STM32F1xx_HAL_Driver/Src/stm32f1xx_hal.o
 .ARM.attributes
                0x00000077       0x2d Drivers/STM32F1xx_HAL_Driver/Src/stm32f1xx_hal_adc.o
 .ARM.attributes
                0x000000a4       0x2d Drivers/STM32F1xx_HAL_Driver/Src/stm32f1xx_hal_cortex.o
 .ARM.attributes
                0x000000d1       0x2d Drivers/STM32F1xx_HAL_Driver/Src/stm32f1xx_hal_dma.o
 .ARM.attributes
                0x000000fe       0x2d Drivers/STM32F1xx_HAL_Driver/Src/stm32f1xx_hal_gpio.o
 .ARM.attributes
                0x0000012b       0x2d Drivers/STM32F1xx_HAL_Driver/Src/stm32f1xx_hal_i2c.o
 .ARM.attributes
                0x00000158       0x2d Drivers/STM32F1xx_HAL_Driver/Src/stm32f1xx_hal_rcc.o
 .ARM.attributes
                0x00000185       0x2d Drivers/STM32F1xx_HAL_Driver/Src/stm32f1xx_hal_rcc_ex.o
 .ARM.attributes
                0x000001b2       0x2d Drivers/STM32F1xx_HAL_Driver/Src/stm32f1xx_hal_spi.o
 .ARM.attributes
                0x000001df       0x2d Drivers/STM32F1xx_HAL_Driver/Src/stm32f1xx_hal_spi_ex.o
 .ARM.attributes
                0x0000020c       0x2d Drivers/STM32F1xx_HAL_Driver/Src/stm32f1xx_hal_uart.o
 .ARM.attributes
                0x00000239       0x2d Middlewares/Third_Party/FatFs/src/ff_gen_drv.o
 .ARM.attributes
                0x00000266       0x2d Src/fatfs.o
 .ARM.attributes
                0x00000293       0x2d Src/fatfs_sd.o
 .ARM.attributes
                0x000002c0       0x2d Src/main.o
 .ARM.attributes
                0x000002ed       0x2d Src/stm32f1xx_hal_msp.o
 .ARM.attributes
                0x0000031a       0x2d Src/stm32f1xx_it.o
 .ARM.attributes
                0x00000347       0x2d Src/system_stm32f1xx.o
 .ARM.attributes
                0x00000374       0x2d Src/user_diskio.o
 .ARM.attributes
                0x000003a1       0x21 Startup/startup_stm32f103c8tx.o
 .ARM.attributes
                0x000003c2       0x2d c:/st/stm32cubeide_1.5.0/stm32cubeide/plugins/com.st.stm32cube.ide.mcu.externaltools.gnu-arm-embedded.9-2020-q2-update.win32_1.5.0.202011040924/tools/bin/../lib/gcc/arm-none-eabi/9.3.1/../../../../arm-none-eabi/lib/thumb/v7-m/nofp\libc_nano.a(lib_a-init.o)
 .ARM.attributes
                0x000003ef       0x2d c:/st/stm32cubeide_1.5.0/stm32cubeide/plugins/com.st.stm32cube.ide.mcu.externaltools.gnu-arm-embedded.9-2020-q2-update.win32_1.5.0.202011040924/tools/bin/../lib/gcc/arm-none-eabi/9.3.1/../../../../arm-none-eabi/lib/thumb/v7-m/nofp\libc_nano.a(lib_a-memset.o)
 .ARM.attributes
                0x0000041c       0x1d c:/st/stm32cubeide_1.5.0/stm32cubeide/plugins/com.st.stm32cube.ide.mcu.externaltools.gnu-arm-embedded.9-2020-q2-update.win32_1.5.0.202011040924/tools/bin/../lib/gcc/arm-none-eabi/9.3.1/thumb/v7-m/nofp/crtn.o
OUTPUT(GCode.elf elf32-littlearm)
LOAD linker stubs
LOAD c:/st/stm32cubeide_1.5.0/stm32cubeide/plugins/com.st.stm32cube.ide.mcu.externaltools.gnu-arm-embedded.9-2020-q2-update.win32_1.5.0.202011040924/tools/bin/../lib/gcc/arm-none-eabi/9.3.1/../../../../arm-none-eabi/lib/thumb/v7-m/nofp\libc.a
LOAD c:/st/stm32cubeide_1.5.0/stm32cubeide/plugins/com.st.stm32cube.ide.mcu.externaltools.gnu-arm-embedded.9-2020-q2-update.win32_1.5.0.202011040924/tools/bin/../lib/gcc/arm-none-eabi/9.3.1/../../../../arm-none-eabi/lib/thumb/v7-m/nofp\libm.a
LOAD c:/st/stm32cubeide_1.5.0/stm32cubeide/plugins/com.st.stm32cube.ide.mcu.externaltools.gnu-arm-embedded.9-2020-q2-update.win32_1.5.0.202011040924/tools/bin/../lib/gcc/arm-none-eabi/9.3.1/thumb/v7-m/nofp\libgcc.a

.debug_info     0x00000000    0x1821d
 .debug_info    0x00000000      0xfdd Drivers/STM32F1xx_HAL_Driver/Src/stm32f1xx_hal.o
 .debug_info    0x00000fdd     0x15b1 Drivers/STM32F1xx_HAL_Driver/Src/stm32f1xx_hal_adc.o
 .debug_info    0x0000258e     0x1461 Drivers/STM32F1xx_HAL_Driver/Src/stm32f1xx_hal_cortex.o
 .debug_info    0x000039ef     0x10b2 Drivers/STM32F1xx_HAL_Driver/Src/stm32f1xx_hal_dma.o
 .debug_info    0x00004aa1      0xfa2 Drivers/STM32F1xx_HAL_Driver/Src/stm32f1xx_hal_gpio.o
 .debug_info    0x00005a43     0x2c32 Drivers/STM32F1xx_HAL_Driver/Src/stm32f1xx_hal_i2c.o
 .debug_info    0x00008675     0x1138 Drivers/STM32F1xx_HAL_Driver/Src/stm32f1xx_hal_rcc.o
 .debug_info    0x000097ad      0xd16 Drivers/STM32F1xx_HAL_Driver/Src/stm32f1xx_hal_rcc_ex.o
 .debug_info    0x0000a4c3     0x1e47 Drivers/STM32F1xx_HAL_Driver/Src/stm32f1xx_hal_spi.o
 .debug_info    0x0000c30a      0xf39 Drivers/STM32F1xx_HAL_Driver/Src/stm32f1xx_hal_spi_ex.o
 .debug_info    0x0000d243     0x1b72 Drivers/STM32F1xx_HAL_Driver/Src/stm32f1xx_hal_uart.o
 .debug_info    0x0000edb5      0xd2c Middlewares/Third_Party/FatFs/src/ff_gen_drv.o
 .debug_info    0x0000fae1      0xe94 Src/fatfs.o
 .debug_info    0x00010975     0x14ce Src/fatfs_sd.o
 .debug_info    0x00011e43     0x21fc Src/main.o
 .debug_info    0x0001403f     0x1a67 Src/stm32f1xx_hal_msp.o
 .debug_info    0x00015aa6      0xd60 Src/stm32f1xx_it.o
 .debug_info    0x00016806      0xd13 Src/system_stm32f1xx.o
 .debug_info    0x00017519      0xce2 Src/user_diskio.o
 .debug_info    0x000181fb       0x22 Startup/startup_stm32f103c8tx.o

.debug_abbrev   0x00000000     0x31b6
 .debug_abbrev  0x00000000      0x2fb Drivers/STM32F1xx_HAL_Driver/Src/stm32f1xx_hal.o
 .debug_abbrev  0x000002fb      0x267 Drivers/STM32F1xx_HAL_Driver/Src/stm32f1xx_hal_adc.o
 .debug_abbrev  0x00000562      0x3bb Drivers/STM32F1xx_HAL_Driver/Src/stm32f1xx_hal_cortex.o
 .debug_abbrev  0x0000091d      0x2a5 Drivers/STM32F1xx_HAL_Driver/Src/stm32f1xx_hal_dma.o
 .debug_abbrev  0x00000bc2      0x285 Drivers/STM32F1xx_HAL_Driver/Src/stm32f1xx_hal_gpio.o
 .debug_abbrev  0x00000e47      0x2e4 Drivers/STM32F1xx_HAL_Driver/Src/stm32f1xx_hal_i2c.o
 .debug_abbrev  0x0000112b      0x32b Drivers/STM32F1xx_HAL_Driver/Src/stm32f1xx_hal_rcc.o
 .debug_abbrev  0x00001456      0x258 Drivers/STM32F1xx_HAL_Driver/Src/stm32f1xx_hal_rcc_ex.o
 .debug_abbrev  0x000016ae      0x2eb Drivers/STM32F1xx_HAL_Driver/Src/stm32f1xx_hal_spi.o
 .debug_abbrev  0x00001999      0x1db Drivers/STM32F1xx_HAL_Driver/Src/stm32f1xx_hal_spi_ex.o
 .debug_abbrev  0x00001b74      0x2ed Drivers/STM32F1xx_HAL_Driver/Src/stm32f1xx_hal_uart.o
 .debug_abbrev  0x00001e61      0x268 Middlewares/Third_Party/FatFs/src/ff_gen_drv.o
 .debug_abbrev  0x000020c9      0x238 Src/fatfs.o
 .debug_abbrev  0x00002301      0x304 Src/fatfs_sd.o
 .debug_abbrev  0x00002605      0x31d Src/main.o
 .debug_abbrev  0x00002922      0x256 Src/stm32f1xx_hal_msp.o
 .debug_abbrev  0x00002b78      0x1f3 Src/stm32f1xx_it.o
 .debug_abbrev  0x00002d6b      0x21c Src/system_stm32f1xx.o
 .debug_abbrev  0x00002f87      0x21d Src/user_diskio.o
 .debug_abbrev  0x000031a4       0x12 Startup/startup_stm32f103c8tx.o

.debug_aranges  0x00000000      0xd48
 .debug_aranges
                0x00000000       0xd0 Drivers/STM32F1xx_HAL_Driver/Src/stm32f1xx_hal.o
 .debug_aranges
                0x000000d0       0xf0 Drivers/STM32F1xx_HAL_Driver/Src/stm32f1xx_hal_adc.o
 .debug_aranges
                0x000001c0      0x100 Drivers/STM32F1xx_HAL_Driver/Src/stm32f1xx_hal_cortex.o
 .debug_aranges
                0x000002c0       0x80 Drivers/STM32F1xx_HAL_Driver/Src/stm32f1xx_hal_dma.o
 .debug_aranges
                0x00000340       0x58 Drivers/STM32F1xx_HAL_Driver/Src/stm32f1xx_hal_gpio.o
 .debug_aranges
                0x00000398      0x268 Drivers/STM32F1xx_HAL_Driver/Src/stm32f1xx_hal_i2c.o
 .debug_aranges
                0x00000600       0x90 Drivers/STM32F1xx_HAL_Driver/Src/stm32f1xx_hal_rcc.o
 .debug_aranges
                0x00000690       0x30 Drivers/STM32F1xx_HAL_Driver/Src/stm32f1xx_hal_rcc_ex.o
 .debug_aranges
                0x000006c0      0x1d0 Drivers/STM32F1xx_HAL_Driver/Src/stm32f1xx_hal_spi.o
 .debug_aranges
                0x00000890       0x20 Drivers/STM32F1xx_HAL_Driver/Src/stm32f1xx_hal_spi_ex.o
 .debug_aranges
                0x000008b0      0x1d0 Drivers/STM32F1xx_HAL_Driver/Src/stm32f1xx_hal_uart.o
 .debug_aranges
                0x00000a80       0x40 Middlewares/Third_Party/FatFs/src/ff_gen_drv.o
 .debug_aranges
                0x00000ac0       0x28 Src/fatfs.o
 .debug_aranges
                0x00000ae8       0xa0 Src/fatfs_sd.o
 .debug_aranges
                0x00000b88       0x60 Src/main.o
 .debug_aranges
                0x00000be8       0x60 Src/stm32f1xx_hal_msp.o
 .debug_aranges
                0x00000c48       0x70 Src/stm32f1xx_it.o
 .debug_aranges
                0x00000cb8       0x28 Src/system_stm32f1xx.o
 .debug_aranges
                0x00000ce0       0x40 Src/user_diskio.o
 .debug_aranges
                0x00000d20       0x28 Startup/startup_stm32f103c8tx.o

.debug_ranges   0x00000000      0xc10
 .debug_ranges  0x00000000       0xc0 Drivers/STM32F1xx_HAL_Driver/Src/stm32f1xx_hal.o
 .debug_ranges  0x000000c0       0xe0 Drivers/STM32F1xx_HAL_Driver/Src/stm32f1xx_hal_adc.o
 .debug_ranges  0x000001a0       0xf0 Drivers/STM32F1xx_HAL_Driver/Src/stm32f1xx_hal_cortex.o
 .debug_ranges  0x00000290       0x70 Drivers/STM32F1xx_HAL_Driver/Src/stm32f1xx_hal_dma.o
 .debug_ranges  0x00000300       0x48 Drivers/STM32F1xx_HAL_Driver/Src/stm32f1xx_hal_gpio.o
 .debug_ranges  0x00000348      0x258 Drivers/STM32F1xx_HAL_Driver/Src/stm32f1xx_hal_i2c.o
 .debug_ranges  0x000005a0       0x80 Drivers/STM32F1xx_HAL_Driver/Src/stm32f1xx_hal_rcc.o
 .debug_ranges  0x00000620       0x20 Drivers/STM32F1xx_HAL_Driver/Src/stm32f1xx_hal_rcc_ex.o
 .debug_ranges  0x00000640      0x1c0 Drivers/STM32F1xx_HAL_Driver/Src/stm32f1xx_hal_spi.o
 .debug_ranges  0x00000800       0x10 Drivers/STM32F1xx_HAL_Driver/Src/stm32f1xx_hal_spi_ex.o
 .debug_ranges  0x00000810      0x1c0 Drivers/STM32F1xx_HAL_Driver/Src/stm32f1xx_hal_uart.o
 .debug_ranges  0x000009d0       0x30 Middlewares/Third_Party/FatFs/src/ff_gen_drv.o
 .debug_ranges  0x00000a00       0x18 Src/fatfs.o
 .debug_ranges  0x00000a18       0x90 Src/fatfs_sd.o
 .debug_ranges  0x00000aa8       0x50 Src/main.o
 .debug_ranges  0x00000af8       0x50 Src/stm32f1xx_hal_msp.o
 .debug_ranges  0x00000b48       0x60 Src/stm32f1xx_it.o
 .debug_ranges  0x00000ba8       0x18 Src/system_stm32f1xx.o
 .debug_ranges  0x00000bc0       0x30 Src/user_diskio.o
 .debug_ranges  0x00000bf0       0x20 Startup/startup_stm32f103c8tx.o

.debug_macro    0x00000000    0x1702b
 .debug_macro   0x00000000      0x325 Drivers/STM32F1xx_HAL_Driver/Src/stm32f1xx_hal.o
 .debug_macro   0x00000325      0xa9c Drivers/STM32F1xx_HAL_Driver/Src/stm32f1xx_hal.o
 .debug_macro   0x00000dc1      0x181 Drivers/STM32F1xx_HAL_Driver/Src/stm32f1xx_hal.o
 .debug_macro   0x00000f42       0x2e Drivers/STM32F1xx_HAL_Driver/Src/stm32f1xx_hal.o
 .debug_macro   0x00000f70       0x22 Drivers/STM32F1xx_HAL_Driver/Src/stm32f1xx_hal.o
 .debug_macro   0x00000f92       0x22 Drivers/STM32F1xx_HAL_Driver/Src/stm32f1xx_hal.o
 .debug_macro   0x00000fb4       0x8e Drivers/STM32F1xx_HAL_Driver/Src/stm32f1xx_hal.o
 .debug_macro   0x00001042       0x51 Drivers/STM32F1xx_HAL_Driver/Src/stm32f1xx_hal.o
 .debug_macro   0x00001093      0x103 Drivers/STM32F1xx_HAL_Driver/Src/stm32f1xx_hal.o
 .debug_macro   0x00001196       0x6a Drivers/STM32F1xx_HAL_Driver/Src/stm32f1xx_hal.o
 .debug_macro   0x00001200      0x1df Drivers/STM32F1xx_HAL_Driver/Src/stm32f1xx_hal.o
 .debug_macro   0x000013df       0x34 Drivers/STM32F1xx_HAL_Driver/Src/stm32f1xx_hal.o
 .debug_macro   0x00001413       0x34 Drivers/STM32F1xx_HAL_Driver/Src/stm32f1xx_hal.o
 .debug_macro   0x00001447      0xb8e Drivers/STM32F1xx_HAL_Driver/Src/stm32f1xx_hal.o
 .debug_macro   0x00001fd5     0xe911 Drivers/STM32F1xx_HAL_Driver/Src/stm32f1xx_hal.o
 .debug_macro   0x000108e6       0x43 Drivers/STM32F1xx_HAL_Driver/Src/stm32f1xx_hal.o
 .debug_macro   0x00010929       0x52 Drivers/STM32F1xx_HAL_Driver/Src/stm32f1xx_hal.o
 .debug_macro   0x0001097b       0x18 Drivers/STM32F1xx_HAL_Driver/Src/stm32f1xx_hal.o
 .debug_macro   0x00010993       0x3c Drivers/STM32F1xx_HAL_Driver/Src/stm32f1xx_hal.o
 .debug_macro   0x000109cf       0x34 Drivers/STM32F1xx_HAL_Driver/Src/stm32f1xx_hal.o
 .debug_macro   0x00010a03       0x16 Drivers/STM32F1xx_HAL_Driver/Src/stm32f1xx_hal.o
 .debug_macro   0x00010a19       0x97 Drivers/STM32F1xx_HAL_Driver/Src/stm32f1xx_hal.o
 .debug_macro   0x00010ab0      0x339 Drivers/STM32F1xx_HAL_Driver/Src/stm32f1xx_hal.o
 .debug_macro   0x00010de9       0xfd Drivers/STM32F1xx_HAL_Driver/Src/stm32f1xx_hal.o
 .debug_macro   0x00010ee6       0x10 Drivers/STM32F1xx_HAL_Driver/Src/stm32f1xx_hal.o
 .debug_macro   0x00010ef6       0x16 Drivers/STM32F1xx_HAL_Driver/Src/stm32f1xx_hal.o
 .debug_macro   0x00010f0c       0x43 Drivers/STM32F1xx_HAL_Driver/Src/stm32f1xx_hal.o
 .debug_macro   0x00010f4f       0x34 Drivers/STM32F1xx_HAL_Driver/Src/stm32f1xx_hal.o
 .debug_macro   0x00010f83       0x10 Drivers/STM32F1xx_HAL_Driver/Src/stm32f1xx_hal.o
 .debug_macro   0x00010f93       0x58 Drivers/STM32F1xx_HAL_Driver/Src/stm32f1xx_hal.o
 .debug_macro   0x00010feb       0x71 Drivers/STM32F1xx_HAL_Driver/Src/stm32f1xx_hal.o
 .debug_macro   0x0001105c       0x1c Drivers/STM32F1xx_HAL_Driver/Src/stm32f1xx_hal.o
 .debug_macro   0x00011078      0x12a Drivers/STM32F1xx_HAL_Driver/Src/stm32f1xx_hal.o
 .debug_macro   0x000111a2       0x10 Drivers/STM32F1xx_HAL_Driver/Src/stm32f1xx_hal.o
 .debug_macro   0x000111b2       0x1c Drivers/STM32F1xx_HAL_Driver/Src/stm32f1xx_hal.o
 .debug_macro   0x000111ce       0x52 Drivers/STM32F1xx_HAL_Driver/Src/stm32f1xx_hal.o
 .debug_macro   0x00011220       0x22 Drivers/STM32F1xx_HAL_Driver/Src/stm32f1xx_hal.o
 .debug_macro   0x00011242       0x10 Drivers/STM32F1xx_HAL_Driver/Src/stm32f1xx_hal.o
 .debug_macro   0x00011252       0x40 Drivers/STM32F1xx_HAL_Driver/Src/stm32f1xx_hal.o
 .debug_macro   0x00011292       0xd5 Drivers/STM32F1xx_HAL_Driver/Src/stm32f1xx_hal.o
 .debug_macro   0x00011367       0x1c Drivers/STM32F1xx_HAL_Driver/Src/stm32f1xx_hal.o
 .debug_macro   0x00011383       0x3d Drivers/STM32F1xx_HAL_Driver/Src/stm32f1xx_hal.o
 .debug_macro   0x000113c0       0x16 Drivers/STM32F1xx_HAL_Driver/Src/stm32f1xx_hal.o
 .debug_macro   0x000113d6      0x145 Drivers/STM32F1xx_HAL_Driver/Src/stm32f1xx_hal.o
 .debug_macro   0x0001151b       0x57 Drivers/STM32F1xx_HAL_Driver/Src/stm32f1xx_hal.o
 .debug_macro   0x00011572      0x5c2 Drivers/STM32F1xx_HAL_Driver/Src/stm32f1xx_hal.o
 .debug_macro   0x00011b34      0x28a Drivers/STM32F1xx_HAL_Driver/Src/stm32f1xx_hal.o
 .debug_macro   0x00011dbe      0x1cb Drivers/STM32F1xx_HAL_Driver/Src/stm32f1xx_hal.o
 .debug_macro   0x00011f89      0x11e Drivers/STM32F1xx_HAL_Driver/Src/stm32f1xx_hal.o
 .debug_macro   0x000120a7      0x1b3 Drivers/STM32F1xx_HAL_Driver/Src/stm32f1xx_hal.o
 .debug_macro   0x0001225a       0x27 Drivers/STM32F1xx_HAL_Driver/Src/stm32f1xx_hal.o
 .debug_macro   0x00012281      0x1bc Drivers/STM32F1xx_HAL_Driver/Src/stm32f1xx_hal.o
 .debug_macro   0x0001243d       0x34 Drivers/STM32F1xx_HAL_Driver/Src/stm32f1xx_hal.o
 .debug_macro   0x00012471       0x3c Drivers/STM32F1xx_HAL_Driver/Src/stm32f1xx_hal.o
 .debug_macro   0x000124ad       0x57 Drivers/STM32F1xx_HAL_Driver/Src/stm32f1xx_hal.o
 .debug_macro   0x00012504      0x46a Drivers/STM32F1xx_HAL_Driver/Src/stm32f1xx_hal.o
 .debug_macro   0x0001296e      0x1b5 Drivers/STM32F1xx_HAL_Driver/Src/stm32f1xx_hal.o
 .debug_macro   0x00012b23       0x8c Drivers/STM32F1xx_HAL_Driver/Src/stm32f1xx_hal.o
 .debug_macro   0x00012baf      0x242 Drivers/STM32F1xx_HAL_Driver/Src/stm32f1xx_hal.o
 .debug_macro   0x00012df1      0x264 Drivers/STM32F1xx_HAL_Driver/Src/stm32f1xx_hal.o
 .debug_macro   0x00013055      0x143 Drivers/STM32F1xx_HAL_Driver/Src/stm32f1xx_hal.o
 .debug_macro   0x00013198      0x1f4 Drivers/STM32F1xx_HAL_Driver/Src/stm32f1xx_hal.o
 .debug_macro   0x0001338c      0x26b Drivers/STM32F1xx_HAL_Driver/Src/stm32f1xx_hal.o
 .debug_macro   0x000135f7       0x83 Drivers/STM32F1xx_HAL_Driver/Src/stm32f1xx_hal.o
 .debug_macro   0x0001367a      0x31e Drivers/STM32F1xx_HAL_Driver/Src/stm32f1xx_hal_adc.o
 .debug_macro   0x00013998      0x301 Drivers/STM32F1xx_HAL_Driver/Src/stm32f1xx_hal_cortex.o
 .debug_macro   0x00013c99      0x301 Drivers/STM32F1xx_HAL_Driver/Src/stm32f1xx_hal_dma.o
 .debug_macro   0x00013f9a      0x371 Drivers/STM32F1xx_HAL_Driver/Src/stm32f1xx_hal_gpio.o
 .debug_macro   0x0001430b      0x341 Drivers/STM32F1xx_HAL_Driver/Src/stm32f1xx_hal_i2c.o
 .debug_macro   0x0001464c      0x313 Drivers/STM32F1xx_HAL_Driver/Src/stm32f1xx_hal_rcc.o
 .debug_macro   0x0001495f      0x301 Drivers/STM32F1xx_HAL_Driver/Src/stm32f1xx_hal_rcc_ex.o
 .debug_macro   0x00014c60      0x309 Drivers/STM32F1xx_HAL_Driver/Src/stm32f1xx_hal_spi.o
 .debug_macro   0x00014f69      0x301 Drivers/STM32F1xx_HAL_Driver/Src/stm32f1xx_hal_spi_ex.o
 .debug_macro   0x0001526a      0x302 Drivers/STM32F1xx_HAL_Driver/Src/stm32f1xx_hal_uart.o
 .debug_macro   0x0001556c      0x359 Middlewares/Third_Party/FatFs/src/ff_gen_drv.o
 .debug_macro   0x000158c5      0x36c Src/fatfs.o
 .debug_macro   0x00015c31      0x340 Src/fatfs_sd.o
 .debug_macro   0x00015f71       0x70 Src/fatfs_sd.o
 .debug_macro   0x00015fe1      0x370 Src/main.o
 .debug_macro   0x00016351      0x319 Src/stm32f1xx_hal_msp.o
 .debug_macro   0x0001666a      0x323 Src/stm32f1xx_it.o
 .debug_macro   0x0001698d      0x307 Src/system_stm32f1xx.o
 .debug_macro   0x00016c94      0x387 Src/user_diskio.o
 .debug_macro   0x0001701b       0x10 Src/user_diskio.o

.debug_line     0x00000000    0x11f62
 .debug_line    0x00000000      0xaa8 Drivers/STM32F1xx_HAL_Driver/Src/stm32f1xx_hal.o
 .debug_line    0x00000aa8     0x1119 Drivers/STM32F1xx_HAL_Driver/Src/stm32f1xx_hal_adc.o
 .debug_line    0x00001bc1      0xc93 Drivers/STM32F1xx_HAL_Driver/Src/stm32f1xx_hal_cortex.o
 .debug_line    0x00002854      0xf0f Drivers/STM32F1xx_HAL_Driver/Src/stm32f1xx_hal_dma.o
 .debug_line    0x00003763      0xb72 Drivers/STM32F1xx_HAL_Driver/Src/stm32f1xx_hal_gpio.o
 .debug_line    0x000042d5     0x36a3 Drivers/STM32F1xx_HAL_Driver/Src/stm32f1xx_hal_i2c.o
 .debug_line    0x00007978      0xec7 Drivers/STM32F1xx_HAL_Driver/Src/stm32f1xx_hal_rcc.o
 .debug_line    0x0000883f      0xa08 Drivers/STM32F1xx_HAL_Driver/Src/stm32f1xx_hal_rcc_ex.o
 .debug_line    0x00009247     0x1c21 Drivers/STM32F1xx_HAL_Driver/Src/stm32f1xx_hal_spi.o
 .debug_line    0x0000ae68      0x850 Drivers/STM32F1xx_HAL_Driver/Src/stm32f1xx_hal_spi_ex.o
 .debug_line    0x0000b6b8     0x184c Drivers/STM32F1xx_HAL_Driver/Src/stm32f1xx_hal_uart.o
 .debug_line    0x0000cf04      0x948 Middlewares/Third_Party/FatFs/src/ff_gen_drv.o
 .debug_line    0x0000d84c      0x8b4 Src/fatfs.o
 .debug_line    0x0000e100      0xed0 Src/fatfs_sd.o
 .debug_line    0x0000efd0      0xa7f Src/main.o
 .debug_line    0x0000fa4f      0x984 Src/stm32f1xx_hal_msp.o
 .debug_line    0x000103d3      0x934 Src/stm32f1xx_it.o
 .debug_line    0x00010d07      0x8b1 Src/system_stm32f1xx.o
 .debug_line    0x000115b8      0x92b Src/user_diskio.o
 .debug_line    0x00011ee3       0x7f Startup/startup_stm32f103c8tx.o

.debug_str      0x00000000    0x74d5c
 .debug_str     0x00000000    0x70b38 Drivers/STM32F1xx_HAL_Driver/Src/stm32f1xx_hal.o
                              0x70efa (size before relaxing)
 .debug_str     0x00070b38      0x650 Drivers/STM32F1xx_HAL_Driver/Src/stm32f1xx_hal_adc.o
                              0x70ef7 (size before relaxing)
 .debug_str     0x00071188      0x326 Drivers/STM32F1xx_HAL_Driver/Src/stm32f1xx_hal_cortex.o
                              0x70f0e (size before relaxing)
 .debug_str     0x000714ae      0x23f Drivers/STM32F1xx_HAL_Driver/Src/stm32f1xx_hal_dma.o
                              0x70c66 (size before relaxing)
 .debug_str     0x000716ed      0x3a5 Drivers/STM32F1xx_HAL_Driver/Src/stm32f1xx_hal_gpio.o
                              0x70c55 (size before relaxing)
 .debug_str     0x00071a92      0xccd Drivers/STM32F1xx_HAL_Driver/Src/stm32f1xx_hal_i2c.o
                              0x7174b (size before relaxing)
 .debug_str     0x0007275f      0x35d Drivers/STM32F1xx_HAL_Driver/Src/stm32f1xx_hal_rcc.o
                              0x70c83 (size before relaxing)
 .debug_str     0x00072abc      0x12b Drivers/STM32F1xx_HAL_Driver/Src/stm32f1xx_hal_rcc_ex.o
                              0x70a15 (size before relaxing)
 .debug_str     0x00072be7      0x6ab Drivers/STM32F1xx_HAL_Driver/Src/stm32f1xx_hal_spi.o
                              0x7112b (size before relaxing)
 .debug_str     0x00073292       0x3b Drivers/STM32F1xx_HAL_Driver/Src/stm32f1xx_hal_spi_ex.o
                              0x70c26 (size before relaxing)
 .debug_str     0x000732cd      0x67b Drivers/STM32F1xx_HAL_Driver/Src/stm32f1xx_hal_uart.o
                              0x7115d (size before relaxing)
 .debug_str     0x00073948      0xc2a Middlewares/Third_Party/FatFs/src/ff_gen_drv.o
                              0x71466 (size before relaxing)
 .debug_str     0x00074572      0x127 Src/fatfs.o
                              0x714d8 (size before relaxing)
 .debug_str     0x00074699      0x271 Src/fatfs_sd.o
                              0x71051 (size before relaxing)
 .debug_str     0x0007490a      0x239 Src/main.o
                              0x724b4 (size before relaxing)
 .debug_str     0x00074b43       0x1b Src/stm32f1xx_hal_msp.o
                              0x7159d (size before relaxing)
 .debug_str     0x00074b5e       0xea Src/stm32f1xx_it.o
                              0x70e68 (size before relaxing)
 .debug_str     0x00074c48       0x69 Src/system_stm32f1xx.o
                              0x70900 (size before relaxing)
 .debug_str     0x00074cb1       0x7a Src/user_diskio.o
                              0x71555 (size before relaxing)
 .debug_str     0x00074d2b       0x31 Startup/startup_stm32f103c8tx.o
                                 0x7b (size before relaxing)

.comment        0x00000000       0x4c
 .comment       0x00000000       0x4c Drivers/STM32F1xx_HAL_Driver/Src/stm32f1xx_hal.o
                                 0x4d (size before relaxing)
 .comment       0x0000004c       0x4d Drivers/STM32F1xx_HAL_Driver/Src/stm32f1xx_hal_adc.o
 .comment       0x0000004c       0x4d Drivers/STM32F1xx_HAL_Driver/Src/stm32f1xx_hal_cortex.o
 .comment       0x0000004c       0x4d Drivers/STM32F1xx_HAL_Driver/Src/stm32f1xx_hal_dma.o
 .comment       0x0000004c       0x4d Drivers/STM32F1xx_HAL_Driver/Src/stm32f1xx_hal_gpio.o
 .comment       0x0000004c       0x4d Drivers/STM32F1xx_HAL_Driver/Src/stm32f1xx_hal_i2c.o
 .comment       0x0000004c       0x4d Drivers/STM32F1xx_HAL_Driver/Src/stm32f1xx_hal_rcc.o
 .comment       0x0000004c       0x4d Drivers/STM32F1xx_HAL_Driver/Src/stm32f1xx_hal_rcc_ex.o
 .comment       0x0000004c       0x4d Drivers/STM32F1xx_HAL_Driver/Src/stm32f1xx_hal_spi.o
 .comment       0x0000004c       0x4d Drivers/STM32F1xx_HAL_Driver/Src/stm32f1xx_hal_spi_ex.o
 .comment       0x0000004c       0x4d Drivers/STM32F1xx_HAL_Driver/Src/stm32f1xx_hal_uart.o
 .comment       0x0000004c       0x4d Middlewares/Third_Party/FatFs/src/ff_gen_drv.o
 .comment       0x0000004c       0x4d Src/fatfs.o
 .comment       0x0000004c       0x4d Src/fatfs_sd.o
 .comment       0x0000004c       0x4d Src/main.o
 .comment       0x0000004c       0x4d Src/stm32f1xx_hal_msp.o
 .comment       0x0000004c       0x4d Src/stm32f1xx_it.o
 .comment       0x0000004c       0x4d Src/system_stm32f1xx.o
 .comment       0x0000004c       0x4d Src/user_diskio.o

.debug_frame    0x00000000     0x35a0
 .debug_frame   0x00000000      0x2fc Drivers/STM32F1xx_HAL_Driver/Src/stm32f1xx_hal.o
 .debug_frame   0x000002fc      0x40c Drivers/STM32F1xx_HAL_Driver/Src/stm32f1xx_hal_adc.o
 .debug_frame   0x00000708      0x428 Drivers/STM32F1xx_HAL_Driver/Src/stm32f1xx_hal_cortex.o
 .debug_frame   0x00000b30      0x208 Drivers/STM32F1xx_HAL_Driver/Src/stm32f1xx_hal_dma.o
 .debug_frame   0x00000d38      0x14c Drivers/STM32F1xx_HAL_Driver/Src/stm32f1xx_hal_gpio.o
 .debug_frame   0x00000e84      0xb34 Drivers/STM32F1xx_HAL_Driver/Src/stm32f1xx_hal_i2c.o
 .debug_frame   0x000019b8      0x21c Drivers/STM32F1xx_HAL_Driver/Src/stm32f1xx_hal_rcc.o
 .debug_frame   0x00001bd4       0x84 Drivers/STM32F1xx_HAL_Driver/Src/stm32f1xx_hal_rcc_ex.o
 .debug_frame   0x00001c58      0x824 Drivers/STM32F1xx_HAL_Driver/Src/stm32f1xx_hal_spi.o
 .debug_frame   0x0000247c       0x34 Drivers/STM32F1xx_HAL_Driver/Src/stm32f1xx_hal_spi_ex.o
 .debug_frame   0x000024b0      0x83c Drivers/STM32F1xx_HAL_Driver/Src/stm32f1xx_hal_uart.o
 .debug_frame   0x00002cec       0xc8 Middlewares/Third_Party/FatFs/src/ff_gen_drv.o
 .debug_frame   0x00002db4       0x4c Src/fatfs.o
 .debug_frame   0x00002e00      0x268 Src/fatfs_sd.o
 .debug_frame   0x00003068      0x130 Src/main.o
 .debug_frame   0x00003198      0x158 Src/stm32f1xx_hal_msp.o
 .debug_frame   0x000032f0      0x148 Src/stm32f1xx_it.o
 .debug_frame   0x00003438       0x58 Src/system_stm32f1xx.o
 .debug_frame   0x00003490       0xc4 Src/user_diskio.o
 .debug_frame   0x00003554       0x2c c:/st/stm32cubeide_1.5.0/stm32cubeide/plugins/com.st.stm32cube.ide.mcu.externaltools.gnu-arm-embedded.9-2020-q2-update.win32_1.5.0.202011040924/tools/bin/../lib/gcc/arm-none-eabi/9.3.1/../../../../arm-none-eabi/lib/thumb/v7-m/nofp\libc_nano.a(lib_a-init.o)
 .debug_frame   0x00003580       0x20 c:/st/stm32cubeide_1.5.0/stm32cubeide/plugins/com.st.stm32cube.ide.mcu.externaltools.gnu-arm-embedded.9-2020-q2-update.win32_1.5.0.202011040924/tools/bin/../lib/gcc/arm-none-eabi/9.3.1/../../../../arm-none-eabi/lib/thumb/v7-m/nofp\libc_nano.a(lib_a-memset.o)
