main.c:91:5:main	16	static
main.c:159:7:fileMenu	168	static
main.c:241:6:moveMenu	232	static
main.c:265:7:filecount	64	static
main.c:280:16:getFileName	72	static
main.c:318:6:SystemClock_Config	88	static
main.c:363:6:MX_I2C1_Init	8	static
main.c:397:6:MX_SPI1_Init	8	static
main.c:435:6:MX_USART1_UART_Init	8	static
main.c:466:6:MX_DMA_Init	16	static
main.c:483:6:MX_GPIO_Init	40	static
main.c:524:6:Error_Handler	4	static
main.c:532:14:string_length	24	static
main.c:540:13:string_cat	24	static
main.c:560:13:StringCopy	24	static
