main.c:121:5:main	16	static
main.c:195:7:fileMenu	168	static
main.c:277:6:moveMenu	264	static
main.c:415:6:sendFile	152	static
main.c:468:6:emergencyBreak	16	static
main.c:482:6:ignoreUnsupportedCommands	16	static
main.c:507:6:removeIfExists	16	static
main.c:512:6:SpindleSlowStart	8	static
main.c:528:6:sendCodeLine	24	static
main.c:547:6:updateDisplayStatus	88	static
main.c:595:6:getStatus	104	static
main.c:651:6:checkForOk	16	static
main.c:676:7:filecount	64	static
main.c:691:16:getFileName	72	static
main.c:729:6:SystemClock_Config	88	static
main.c:774:6:MX_ADC1_Init	24	static
main.c:827:6:MX_I2C1_Init	8	static
main.c:861:6:MX_SPI1_Init	8	static
main.c:899:6:MX_USART1_UART_Init	8	static
main.c:930:6:MX_DMA_Init	16	static
main.c:950:6:MX_GPIO_Init	40	static
main.c:991:6:Error_Handler	4	static
main.c:999:14:string_length	24	static
main.c:1007:13:string_cat	24	static
main.c:1027:13:StringCopy	24	static
main.c:1036:13:NumberToString	48	static
main.c:1055:7:Strings_Is_Equal	24	static
main.c:1073:7:String_FindSubstringIndex	32	static
main.c:1107:7:String_ReplaceSubstring	288	static
main.c:1156:7:String_IsStartWith	16	static
main.c:1168:6:Sring_Trim	280	static
